###############################################################################
#
# IAR ELF Linker V7.50.1.10123/W32 for ARM                09/Jun/2016  21:52:59
# Copyright 2007-2015 IAR Systems AB.
#
#    Output file  =  
#        E:\Bryant\STM32F746-Discovery(uCOS-III)\Code\IAR\Debug\Exe\STM32F746NG_Discovery.out
#    Map file     =  
#        E:\Bryant\STM32F746-Discovery(uCOS-III)\Code\IAR\Debug\List\STM32F746NG_Discovery.map
#    Command line =  
#        "E:\Bryant\STM32F746-Discovery(uCOS-III)\Code\IAR\Debug\Obj\app.o"
#        "E:\Bryant\STM32F746-Discovery(uCOS-III)\Code\IAR\Debug\Obj\bsp.o"
#        "E:\Bryant\STM32F746-Discovery(uCOS-III)\Code\IAR\Debug\Obj\bsp_button.o"
#        "E:\Bryant\STM32F746-Discovery(uCOS-III)\Code\IAR\Debug\Obj\bsp_led.o"
#        "E:\Bryant\STM32F746-Discovery(uCOS-III)\Code\IAR\Debug\Obj\bsp_timer.o"
#        "E:\Bryant\STM32F746-Discovery(uCOS-III)\Code\IAR\Debug\Obj\bsp_usart.o"
#        "E:\Bryant\STM32F746-Discovery(uCOS-III)\Code\IAR\Debug\Obj\cpu_a.o"
#        "E:\Bryant\STM32F746-Discovery(uCOS-III)\Code\IAR\Debug\Obj\cpu_bsp.o"
#        "E:\Bryant\STM32F746-Discovery(uCOS-III)\Code\IAR\Debug\Obj\cpu_c.o"
#        "E:\Bryant\STM32F746-Discovery(uCOS-III)\Code\IAR\Debug\Obj\cpu_core.o"
#        "E:\Bryant\STM32F746-Discovery(uCOS-III)\Code\IAR\Debug\Obj\cstartup.o"
#        "E:\Bryant\STM32F746-Discovery(uCOS-III)\Code\IAR\Debug\Obj\lib_ascii.o"
#        "E:\Bryant\STM32F746-Discovery(uCOS-III)\Code\IAR\Debug\Obj\lib_math.o"
#        "E:\Bryant\STM32F746-Discovery(uCOS-III)\Code\IAR\Debug\Obj\lib_mem.o"
#        "E:\Bryant\STM32F746-Discovery(uCOS-III)\Code\IAR\Debug\Obj\lib_mem_a.o"
#        "E:\Bryant\STM32F746-Discovery(uCOS-III)\Code\IAR\Debug\Obj\lib_str.o"
#        "E:\Bryant\STM32F746-Discovery(uCOS-III)\Code\IAR\Debug\Obj\os_app_hooks.o"
#        "E:\Bryant\STM32F746-Discovery(uCOS-III)\Code\IAR\Debug\Obj\os_cfg_app.o"
#        "E:\Bryant\STM32F746-Discovery(uCOS-III)\Code\IAR\Debug\Obj\os_core.o"
#        "E:\Bryant\STM32F746-Discovery(uCOS-III)\Code\IAR\Debug\Obj\os_cpu_a.o"
#        "E:\Bryant\STM32F746-Discovery(uCOS-III)\Code\IAR\Debug\Obj\os_cpu_c.o"
#        "E:\Bryant\STM32F746-Discovery(uCOS-III)\Code\IAR\Debug\Obj\os_dbg.o"
#        "E:\Bryant\STM32F746-Discovery(uCOS-III)\Code\IAR\Debug\Obj\os_flag.o"
#        "E:\Bryant\STM32F746-Discovery(uCOS-III)\Code\IAR\Debug\Obj\os_int.o"
#        "E:\Bryant\STM32F746-Discovery(uCOS-III)\Code\IAR\Debug\Obj\os_mem.o"
#        "E:\Bryant\STM32F746-Discovery(uCOS-III)\Code\IAR\Debug\Obj\os_mon.o"
#        "E:\Bryant\STM32F746-Discovery(uCOS-III)\Code\IAR\Debug\Obj\os_msg.o"
#        "E:\Bryant\STM32F746-Discovery(uCOS-III)\Code\IAR\Debug\Obj\os_mutex.o"
#        "E:\Bryant\STM32F746-Discovery(uCOS-III)\Code\IAR\Debug\Obj\os_pend_multi.o"
#        "E:\Bryant\STM32F746-Discovery(uCOS-III)\Code\IAR\Debug\Obj\os_prio.o"
#        "E:\Bryant\STM32F746-Discovery(uCOS-III)\Code\IAR\Debug\Obj\os_q.o"
#        "E:\Bryant\STM32F746-Discovery(uCOS-III)\Code\IAR\Debug\Obj\os_sem.o"
#        "E:\Bryant\STM32F746-Discovery(uCOS-III)\Code\IAR\Debug\Obj\os_stat.o"
#        "E:\Bryant\STM32F746-Discovery(uCOS-III)\Code\IAR\Debug\Obj\os_task.o"
#        "E:\Bryant\STM32F746-Discovery(uCOS-III)\Code\IAR\Debug\Obj\os_tick.o"
#        "E:\Bryant\STM32F746-Discovery(uCOS-III)\Code\IAR\Debug\Obj\os_time.o"
#        "E:\Bryant\STM32F746-Discovery(uCOS-III)\Code\IAR\Debug\Obj\os_tmr.o"
#        "E:\Bryant\STM32F746-Discovery(uCOS-III)\Code\IAR\Debug\Obj\os_var.o"
#        "E:\Bryant\STM32F746-Discovery(uCOS-III)\Code\IAR\Debug\Obj\stm32f7xx_hal.o"
#        "E:\Bryant\STM32F746-Discovery(uCOS-III)\Code\IAR\Debug\Obj\stm32f7xx_hal_cortex.o"
#        "E:\Bryant\STM32F746-Discovery(uCOS-III)\Code\IAR\Debug\Obj\stm32f7xx_hal_dma.o"
#        "E:\Bryant\STM32F746-Discovery(uCOS-III)\Code\IAR\Debug\Obj\stm32f7xx_hal_dma_ex.o"
#        "E:\Bryant\STM32F746-Discovery(uCOS-III)\Code\IAR\Debug\Obj\stm32f7xx_hal_flash.o"
#        "E:\Bryant\STM32F746-Discovery(uCOS-III)\Code\IAR\Debug\Obj\stm32f7xx_hal_flash_ex.o"
#        "E:\Bryant\STM32F746-Discovery(uCOS-III)\Code\IAR\Debug\Obj\stm32f7xx_hal_gpio.o"
#        "E:\Bryant\STM32F746-Discovery(uCOS-III)\Code\IAR\Debug\Obj\stm32f7xx_hal_hash.o"
#        "E:\Bryant\STM32F746-Discovery(uCOS-III)\Code\IAR\Debug\Obj\stm32f7xx_hal_pwr.o"
#        "E:\Bryant\STM32F746-Discovery(uCOS-III)\Code\IAR\Debug\Obj\stm32f7xx_hal_pwr_ex.o"
#        "E:\Bryant\STM32F746-Discovery(uCOS-III)\Code\IAR\Debug\Obj\stm32f7xx_hal_rcc.o"
#        "E:\Bryant\STM32F746-Discovery(uCOS-III)\Code\IAR\Debug\Obj\stm32f7xx_hal_rcc_ex.o"
#        "E:\Bryant\STM32F746-Discovery(uCOS-III)\Code\IAR\Debug\Obj\stm32f7xx_hal_tim.o"
#        "E:\Bryant\STM32F746-Discovery(uCOS-III)\Code\IAR\Debug\Obj\stm32f7xx_hal_tim_ex.o"
#        "E:\Bryant\STM32F746-Discovery(uCOS-III)\Code\IAR\Debug\Obj\stm32f7xx_hal_uart.o"
#        "E:\Bryant\STM32F746-Discovery(uCOS-III)\Code\IAR\Debug\Obj\stm32f7xx_hal_usart.o"
#        "E:\Bryant\STM32F746-Discovery(uCOS-III)\Code\IAR\Debug\Obj\stm32f7xx_it.o"
#        "E:\Bryant\STM32F746-Discovery(uCOS-III)\Code\IAR\Debug\Obj\system_stm32f7xx.o"
#        -o
#        "E:\Bryant\STM32F746-Discovery(uCOS-III)\Code\IAR\Debug\Exe\STM32F746NG_Discovery.out"
#        --map
#        "E:\Bryant\STM32F746-Discovery(uCOS-III)\Code\IAR\Debug\List\STM32F746NG_Discovery.map"
#        --config "D:\Program Files (x86)\IAR Systems\Embedded Workbench
#        7.3\arm\config\linker\ST\stm32f746xG.icf" --semihosting --entry
#        __iar_program_start --vfe
#
###############################################################################

*******************************************************************************
*** RUNTIME MODEL ATTRIBUTES
***

CppFlavor       = *
__SystemLibrary = DLib


*******************************************************************************
*** PLACEMENT SUMMARY
***

"A1":  place at 0x08000000 { ro section .intvec };
"P1":  place in [from 0x00000000 to 0x00000000] |
                [from 0x08000000 to 0x080fffff] { ro };
"P3":  place in [from 0x20000000 to 0x2000ffff] |
                [from 0x20010000 to 0x2004ffff] { rw, block CSTACK, block HEAP };

  Section            Kind        Address    Size  Object
  -------            ----        -------    ----  ------
"A1":                                      0x1c8
  .intvec            const    0x08000000   0x1c8  cstartup.o [1]
                            - 0x080001c8   0x1c8

"P1":                                     0x6d90
  .text              ro code  0x080001c8   0xfac  os_task.o [1]
  .text              ro code  0x08001174   0x398  os_cpu_c.o [1]
  .text              ro code  0x0800150c   0x27c  os_msg.o [1]
  .text              ro code  0x08001788   0x234  cpu_core.o [1]
  .text              ro code  0x080019bc    0x88  os_prio.o [1]
  .text              ro code  0x08001a44   0x9d0  os_core.o [1]
  .text              ro code  0x08002414   0x4e8  os_tick.o [1]
  .text              ro code  0x080028fc   0x508  os_mutex.o [1]
  .text              ro code  0x08002e04    0x44  cpu_bsp.o [1]
  CODE               ro code  0x08002e48   0x10c  os_cpu_a.o [1]
  .text              ro code  0x08002f54    0xf8  os_time.o [1]
  .text              ro code  0x0800304c   0x13c  lib_mem.o [1]
  .text              ro code  0x08003188    0x76  lib_str.o [1]
  .rodata            const    0x080031fe     0x2  os_cfg_app.o [1]
  CODE               ro code  0x08003200    0x34  cpu_a.o [1]
  .text              ro code  0x08003234   0x21c  os_mem.o [1]
  .text              ro code  0x08003450   0x5c4  os_stat.o [1]
  .text              ro code  0x08003a14   0x22c  os_tmr.o [1]
  .text              ro code  0x08003c40   0x22c  os_dbg.o [1]
  .text              ro code  0x08003e6c    0xb8  os_cfg_app.o [1]
  .text              ro code  0x08003f24   0x160  bsp.o [1]
  .text              ro code  0x08004084   0x28c  bsp_led.o [1]
  .text              ro code  0x08004310   0x1a0  bsp_button.o [1]
  .text              ro code  0x080044b0   0x10c  bsp_timer.o [1]
  .text              ro code  0x080045bc   0x32c  bsp_usart.o [1]
  .text              ro code  0x080048e8   0x8b4  stm32f7xx_hal_rcc.o [1]
  .text              ro code  0x0800519c    0x88  stm32f7xx_hal_pwr_ex.o [1]
  .text              ro code  0x08005224   0x180  stm32f7xx_hal_cortex.o [1]
  .text              ro code  0x080053a4   0x3d4  stm32f7xx_hal_gpio.o [1]
  .text              ro code  0x08005778   0x164  stm32f7xx_hal_tim.o [1]
  .text              ro code  0x080058dc   0x9f2  stm32f7xx_hal_uart.o [1]
  .rodata            const    0x080062ce     0x2  os_dbg.o [1]
  .text              ro code  0x080062d0   0x330  stm32f7xx_hal_dma.o [1]
  .text              ro code  0x08006600    0x64  stm32f7xx_hal.o [1]
  .text              ro code  0x08006664   0x238  app.o [1]
  .text              ro code  0x0800689c    0x30  lib_math.o [1]
  .text              ro code  0x080068cc    0x9c  os_app_hooks.o [1]
  .text              ro code  0x08006968    0xbe  stm32f7xx_it.o [1]
  .rodata            const    0x08006a26     0x2  os_dbg.o [1]
  .text              ro code  0x08006a28    0x6c  system_stm32f7xx.o [1]
  .text              ro code  0x08006a94    0x40  cstartup.o [1]
  .text              ro code  0x08006ad4     0xc  cstartup_M.o [5]
  .text              ro code  0x08006ae0    0x22  fpinit_M.o [4]
  .rodata            const    0x08006b02     0x2  os_dbg.o [1]
  .text              ro code  0x08006b04    0x1a  cmain.o [5]
  .text              ro code  0x08006b1e     0x4  low_level_init.o [3]
  .rodata            const    0x08006b22     0x2  os_dbg.o [1]
  .text              ro code  0x08006b24    0x28  data_init.o [5]
  .text              ro code  0x08006b4c     0x4  exit.o [3]
  .text              ro code  0x08006b50     0xa  cexit.o [5]
  .rodata            const    0x08006b5a     0x2  os_dbg.o [1]
  .text              ro code  0x08006b5c    0x14  exit.o [6]
  .text              ro code  0x08006b70    0x40  zero_init3.o [5]
  .rodata            const    0x08006bb0    0x30  os_dbg.o [1]
  .rodata            const    0x08006be0    0x30  os_dbg.o [1]
  .rodata            const    0x08006c10    0x30  os_dbg.o [1]
  .text              ro code  0x08006c40    0x2c  copy_init3.o [5]
  .rodata            const    0x08006c6c    0x28  os_dbg.o [1]
  .rodata            const    0x08006c94    0x28  os_dbg.o [1]
  .iar.init_table    const    0x08006cbc    0x24  - Linker created -
  .rodata            const    0x08006ce0    0x20  os_dbg.o [1]
  .rodata            const    0x08006d00    0x18  os_tmr.o [1]
  .rodata            const    0x08006d18    0x14  app.o [1]
  .rodata            const    0x08006d2c    0x14  app.o [1]
  .rodata            const    0x08006d40    0x14  os_core.o [1]
  .rodata            const    0x08006d54    0x14  os_stat.o [1]
  .rodata            const    0x08006d68    0x14  os_tick.o [1]
  .rodata            const    0x08006d7c    0x10  app.o [1]
  .rodata            const    0x08006d8c    0x10  bsp_usart.o [1]
  .rodata            const    0x08006d9c    0x10  os_tmr.o [1]
  .rodata            const    0x08006dac    0x10  stm32f7xx_hal_rcc.o [1]
  .rodata            const    0x08006dbc     0xc  app.o [1]
  .rodata            const    0x08006dc8     0xc  app.o [1]
  .rodata            const    0x08006dd4     0xc  os_core.o [1]
  .rodata            const    0x08006de0     0x8  lib_mem.o [1]
  .rodata            const    0x08006de8     0x8  os_core.o [1]
  .rodata            const    0x08006df0     0x8  os_task.o [1]
  .rodata            const    0x08006df8     0x8  stm32f7xx_hal_dma.o [1]
  .rodata            const    0x08006e00     0x4  os_cfg_app.o [1]
  .rodata            const    0x08006e04     0x4  os_cfg_app.o [1]
  .rodata            const    0x08006e08     0x4  os_cfg_app.o [1]
  .rodata            const    0x08006e0c     0x4  os_cfg_app.o [1]
  .rodata            const    0x08006e10     0x4  os_cfg_app.o [1]
  .rodata            const    0x08006e14     0x4  os_cfg_app.o [1]
  .rodata            const    0x08006e18     0x4  os_cfg_app.o [1]
  .rodata            const    0x08006e1c     0x4  os_cfg_app.o [1]
  .rodata            const    0x08006e20     0x4  os_cfg_app.o [1]
  .rodata            const    0x08006e24     0x4  os_cfg_app.o [1]
  .rodata            const    0x08006e28     0x4  os_cfg_app.o [1]
  .rodata            const    0x08006e2c     0x4  os_cfg_app.o [1]
  .rodata            const    0x08006e30     0x4  os_cfg_app.o [1]
  .rodata            const    0x08006e34     0x4  os_cfg_app.o [1]
  .rodata            const    0x08006e38     0x4  os_cfg_app.o [1]
  .rodata            const    0x08006e3c     0x4  os_cfg_app.o [1]
  .rodata            const    0x08006e40     0x4  os_cfg_app.o [1]
  .rodata            const    0x08006e44     0x4  os_cfg_app.o [1]
  .rodata            const    0x08006e48     0x4  os_cfg_app.o [1]
  .rodata            const    0x08006e4c     0x4  os_cfg_app.o [1]
  .rodata            const    0x08006e50     0x4  os_cfg_app.o [1]
  .rodata            const    0x08006e54     0x4  os_cfg_app.o [1]
  .rodata            const    0x08006e58     0x4  os_cfg_app.o [1]
  .rodata            const    0x08006e5c     0x4  os_cfg_app.o [1]
  .rodata            const    0x08006e60     0x4  os_cfg_app.o [1]
  .rodata            const    0x08006e64     0x4  os_cfg_app.o [1]
  .rodata            const    0x08006e68     0x4  os_dbg.o [1]
  .rodata            const    0x08006e6c     0x4  os_dbg.o [1]
  .rodata            const    0x08006e70     0x4  os_dbg.o [1]
  .rodata            const    0x08006e74     0x2  os_dbg.o [1]
  .rodata            const    0x08006e76     0x2  os_dbg.o [1]
  .rodata            const    0x08006e78     0x2  os_dbg.o [1]
  .rodata            const    0x08006e7a     0x2  os_dbg.o [1]
  .rodata            const    0x08006e7c     0x2  os_dbg.o [1]
  .rodata            const    0x08006e7e     0x2  os_dbg.o [1]
  .rodata            const    0x08006e80     0x2  os_dbg.o [1]
  .rodata            const    0x08006e82     0x2  os_dbg.o [1]
  .rodata            const    0x08006e84     0x2  os_dbg.o [1]
  .rodata            const    0x08006e86     0x2  os_dbg.o [1]
  .rodata            const    0x08006e88     0x2  os_dbg.o [1]
  .rodata            const    0x08006e8a     0x2  os_dbg.o [1]
  .rodata            const    0x08006e8c     0x2  os_dbg.o [1]
  .rodata            const    0x08006e8e     0x2  os_dbg.o [1]
  .rodata            const    0x08006e90     0x2  os_dbg.o [1]
  .rodata            const    0x08006e92     0x2  os_dbg.o [1]
  .rodata            const    0x08006e94     0x1  os_cfg_app.o [1]
  .rodata            const    0x08006e95     0x1  os_cfg_app.o [1]
  .rodata            const    0x08006e96     0x1  os_cfg_app.o [1]
  .rodata            const    0x08006e97     0x1  os_dbg.o [1]
  .rodata            const    0x08006e98     0x1  os_dbg.o [1]
  .rodata            const    0x08006e99     0x1  os_dbg.o [1]
  .rodata            const    0x08006e9a     0x1  os_dbg.o [1]
  .rodata            const    0x08006e9b     0x1  os_dbg.o [1]
  .rodata            const    0x08006e9c     0x1  os_dbg.o [1]
  .rodata            const    0x08006e9d     0x1  os_dbg.o [1]
  .rodata            const    0x08006e9e     0x1  os_dbg.o [1]
  .rodata            const    0x08006e9f     0x1  os_dbg.o [1]
  .rodata            const    0x08006ea0     0x1  os_dbg.o [1]
  .rodata            const    0x08006ea1     0x1  os_dbg.o [1]
  .rodata            const    0x08006ea2     0x1  os_dbg.o [1]
  .rodata            const    0x08006ea3     0x1  os_dbg.o [1]
  .rodata            const    0x08006ea4     0x1  os_dbg.o [1]
  .rodata            const    0x08006ea5     0x1  os_dbg.o [1]
  .rodata            const    0x08006ea6     0x1  os_dbg.o [1]
  .rodata            const    0x08006ea7     0x1  os_dbg.o [1]
  .rodata            const    0x08006ea8     0x1  os_dbg.o [1]
  .rodata            const    0x08006ea9     0x1  os_dbg.o [1]
  .rodata            const    0x08006eaa     0x1  os_dbg.o [1]
  .rodata            const    0x08006eab     0x1  os_dbg.o [1]
  .rodata            const    0x08006eac     0x1  os_dbg.o [1]
  .rodata            const    0x08006ead     0x1  os_dbg.o [1]
  .rodata            const    0x08006eae     0x1  os_dbg.o [1]
  .rodata            const    0x08006eaf     0x1  os_dbg.o [1]
  .rodata            const    0x08006eb0     0x1  os_dbg.o [1]
  .rodata            const    0x08006eb1     0x1  os_dbg.o [1]
  .rodata            const    0x08006eb2     0x1  os_dbg.o [1]
  .rodata            const    0x08006eb3     0x1  os_dbg.o [1]
  .rodata            const    0x08006eb4     0x1  os_dbg.o [1]
  .rodata            const    0x08006eb5     0x1  os_dbg.o [1]
  .rodata            const    0x08006eb6     0x1  os_dbg.o [1]
  .rodata            const    0x08006eb7     0x1  os_dbg.o [1]
  .rodata            const    0x08006eb8     0x1  os_dbg.o [1]
  .rodata            const    0x08006eb9     0x1  os_dbg.o [1]
  .rodata            const    0x08006eba     0x1  os_dbg.o [1]
  .rodata            const    0x08006ebb     0x1  os_dbg.o [1]
  .rodata            const    0x08006ebc     0x1  os_dbg.o [1]
  .rodata            const    0x08006ebd     0x1  os_dbg.o [1]
  .rodata            const    0x08006ebe     0x0  zero_init3.o [5]
  .rodata            const    0x08006ebe     0x0  copy_init3.o [5]
  Initializer bytes  const    0x08006ec0    0x98  <for P3 s0>
                            - 0x08006f58  0x6d90

"P3", part 1 of 3:                          0x98
  P3 s0                       0x20000000    0x98  <Init block>
    .data            inited   0x20000000    0x70  app.o [1]
    .data            inited   0x20000070    0x10  bsp_button.o [1]
    .data            inited   0x20000080     0xc  bsp_led.o [1]
    .data            inited   0x2000008c     0x4  bsp_led.o [1]
    .data            inited   0x20000090     0x4  system_stm32f7xx.o [1]
    .data            inited   0x20000094     0x1  bsp_button.o [1]
                            - 0x20000098    0x98

"P3", part 2 of 3:                        0x2b70
  .bss               zero     0x20000098   0x400  app.o [1]
  .bss               zero     0x20000498   0x400  app.o [1]
  .bss               zero     0x20000898   0x400  app.o [1]
  .bss               zero     0x20000c98   0x400  app.o [1]
  .bss               zero     0x20001098   0x400  lib_mem.o [1]
  .bss               zero     0x20001498   0x200  bsp_usart.o [1]
  .bss               zero     0x20001698   0x200  os_cfg_app.o [1]
  .bss               zero     0x20001898   0x200  os_cfg_app.o [1]
  .bss               zero     0x20001a98   0x200  os_cfg_app.o [1]
  .bss               zero     0x20001c98   0x200  os_cfg_app.o [1]
  .bss               zero     0x20001e98   0x200  os_cfg_app.o [1]
  .bss               zero     0x20002098   0x190  os_cfg_app.o [1]
  .bss               zero     0x20002228   0x180  os_var.o [1]
  .bss               zero     0x200023a8    0xc0  app.o [1]
  .bss               zero     0x20002468    0xc0  app.o [1]
  .bss               zero     0x20002528    0xc0  app.o [1]
  .bss               zero     0x200025e8    0xc0  app.o [1]
  .bss               zero     0x200026a8    0xc0  os_var.o [1]
  .bss               zero     0x20002768    0xc0  os_var.o [1]
  .bss               zero     0x20002828    0xc0  os_var.o [1]
  .bss               zero     0x200028e8    0xc0  os_var.o [1]
  .bss               zero     0x200029a8    0x70  bsp_usart.o [1]
  .bss               zero     0x20002a18    0x58  bsp_usart.o [1]
  .bss               zero     0x20002a70    0x3c  bsp_timer.o [1]
  .bss               zero     0x20002aac    0x30  os_var.o [1]
  .bss               zero     0x20002adc    0x20  bsp_usart.o [1]
  .bss               zero     0x20002afc    0x14  lib_mem.o [1]
  .bss               zero     0x20002b10    0x10  cpu_core.o [1]
  .bss               zero     0x20002b20     0xc  os_var.o [1]
  .bss               zero     0x20002b2c     0x8  os_var.o [1]
  .bss               zero     0x20002b34     0x8  os_var.o [1]
  .bss               zero     0x20002b3c     0x4  cpu_core.o [1]
  .bss               zero     0x20002b40     0x4  cpu_core.o [1]
  .bss               zero     0x20002b44     0x4  cpu_core.o [1]
  .bss               zero     0x20002b48     0x4  cpu_core.o [1]
  .bss               zero     0x20002b4c     0x4  cpu_core.o [1]
  .bss               zero     0x20002b50     0x4  cpu_core.o [1]
  .bss               zero     0x20002b54     0x4  lib_math.o [1]
  .bss               zero     0x20002b58     0x4  lib_mem.o [1]
  .bss               zero     0x20002b5c     0x4  os_cpu_c.o [1]
  .bss               zero     0x20002b60     0x4  os_prio.o [1]
  .bss               zero     0x20002b64     0x4  os_var.o [1]
  .bss               zero     0x20002b68     0x4  os_var.o [1]
  .bss               zero     0x20002b6c     0x4  os_var.o [1]
  .bss               zero     0x20002b70     0x4  os_var.o [1]
  .bss               zero     0x20002b74     0x4  os_var.o [1]
  .bss               zero     0x20002b78     0x4  os_var.o [1]
  .bss               zero     0x20002b7c     0x4  os_var.o [1]
  .bss               zero     0x20002b80     0x4  os_var.o [1]
  .bss               zero     0x20002b84     0x4  os_var.o [1]
  .bss               zero     0x20002b88     0x4  os_var.o [1]
  .bss               zero     0x20002b8c     0x4  os_var.o [1]
  .bss               zero     0x20002b90     0x4  os_var.o [1]
  .bss               zero     0x20002b94     0x4  os_var.o [1]
  .bss               zero     0x20002b98     0x4  os_var.o [1]
  .bss               zero     0x20002b9c     0x4  os_var.o [1]
  .bss               zero     0x20002ba0     0x4  os_var.o [1]
  .bss               zero     0x20002ba4     0x4  os_var.o [1]
  .bss               zero     0x20002ba8     0x4  os_var.o [1]
  .bss               zero     0x20002bac     0x4  os_var.o [1]
  .bss               zero     0x20002bb0     0x4  os_var.o [1]
  .bss               zero     0x20002bb4     0x4  os_var.o [1]
  .bss               zero     0x20002bb8     0x4  os_var.o [1]
  .bss               zero     0x20002bbc     0x4  os_var.o [1]
  .bss               zero     0x20002bc0     0x4  os_var.o [1]
  .bss               zero     0x20002bc4     0x4  os_var.o [1]
  .bss               zero     0x20002bc8     0x4  os_var.o [1]
  .bss               zero     0x20002bcc     0x4  os_var.o [1]
  .bss               zero     0x20002bd0     0x4  os_var.o [1]
  .bss               zero     0x20002bd4     0x4  os_var.o [1]
  .bss               zero     0x20002bd8     0x4  os_var.o [1]
  .bss               zero     0x20002bdc     0x4  stm32f7xx_hal.o [1]
  .bss               zero     0x20002be0     0x2  cpu_core.o [1]
  .bss               zero     0x20002be2     0x2  cpu_core.o [1]
  .bss               zero     0x20002be4     0x2  os_var.o [1]
  .bss               zero     0x20002be6     0x2  os_var.o [1]
  .bss               zero     0x20002be8     0x2  os_var.o [1]
  .bss               zero     0x20002bea     0x2  os_var.o [1]
  .bss               zero     0x20002bec     0x2  os_var.o [1]
  .bss               zero     0x20002bee     0x2  os_var.o [1]
  .bss               zero     0x20002bf0     0x2  os_var.o [1]
  .bss               zero     0x20002bf2     0x2  os_var.o [1]
  .bss               zero     0x20002bf4     0x2  os_var.o [1]
  .bss               zero     0x20002bf6     0x1  app.o [1]
  .bss               zero     0x20002bf7     0x1  bsp_button.o [1]
  .bss               zero     0x20002bf8     0x1  bsp_button.o [1]
  .bss               zero     0x20002bf9     0x1  bsp_button.o [1]
  .bss               zero     0x20002bfa     0x1  bsp_button.o [1]
  .bss               zero     0x20002bfb     0x1  bsp_usart.o [1]
  .bss               zero     0x20002bfc     0x1  bsp_usart.o [1]
  .bss               zero     0x20002bfd     0x1  os_var.o [1]
  .bss               zero     0x20002bfe     0x1  os_var.o [1]
  .bss               zero     0x20002bff     0x1  os_var.o [1]
  .bss               zero     0x20002c00     0x1  os_var.o [1]
  .bss               zero     0x20002c01     0x1  os_var.o [1]
  .bss               zero     0x20002c02     0x1  os_var.o [1]
  .bss               zero     0x20002c03     0x1  os_var.o [1]
  .bss               zero     0x20002c04     0x1  os_var.o [1]
  .bss               zero     0x20002c05     0x1  os_var.o [1]
                            - 0x20002c06  0x2b6e

"P3", part 3 of 3:                        0x2000
  CSTACK                      0x20002c08  0x2000  <Block>
    CSTACK           uninit   0x20002c08  0x2000  <Block tail>
                            - 0x20004c08  0x2000


*******************************************************************************
*** INIT TABLE
***

          Address     Size
          -------     ----
Zero (__iar_zero_init3)
    1 destination range, total size 0x2b6e:
          0x20000098  0x2b6e

Copy (__iar_copy_init3)
    1 source range, total size 0x98 (102% of destination):
          0x08006ec0    0x98
    1 destination range, total size 0x95:
          0x20000000    0x95



*******************************************************************************
*** MODULE SUMMARY
***

    Module                  ro code  ro data  rw data
    ------                  -------  -------  -------
E:\Bryant\STM32F746-Discovery(uCOS-III)\Code\IAR\Debug\Obj: [1]
    app.o                       568      192    4 977
    bsp.o                       352
    bsp_button.o                416       17       21
    bsp_led.o                   652       16       16
    bsp_timer.o                 268                60
    bsp_usart.o                 812       16      746
    cpu_a.o                      52
    cpu_bsp.o                    68
    cpu_core.o                  564                44
    cstartup.o                   64      456
    lib_math.o                   48                 4
    lib_mem.o                   316        8    1 048
    lib_str.o                   118
    os_app_hooks.o              156
    os_cfg_app.o                184      109    2 960
    os_core.o                 2 512       40
    os_cpu_a.o                  268
    os_cpu_c.o                  920                 4
    os_dbg.o                    556      349
    os_mem.o                    540
    os_msg.o                    636
    os_mutex.o                1 288
    os_prio.o                   136                 4
    os_stat.o                 1 476       20
    os_task.o                 4 012        8
    os_tick.o                 1 256       20
    os_time.o                   248
    os_tmr.o                    556       40
    os_var.o                                    1 375
    stm32f7xx_hal.o             100                 4
    stm32f7xx_hal_cortex.o      384
    stm32f7xx_hal_dma.o         816        8
    stm32f7xx_hal_gpio.o        980
    stm32f7xx_hal_pwr_ex.o      136
    stm32f7xx_hal_rcc.o       2 228       16
    stm32f7xx_hal_tim.o         356
    stm32f7xx_hal_uart.o      2 546
    stm32f7xx_it.o              190
    system_stm32f7xx.o          108        4        4
    -------------------------------------------------
    Total:                   26 886    1 319   11 267

command line: [2]
    -------------------------------------------------
    Total:

dl7M_tlf.a: [3]
    exit.o                        4
    low_level_init.o              4
    -------------------------------------------------
    Total:                        8

m7M_tls.a: [4]
    fpinit_M.o                   34
    -------------------------------------------------
    Total:                       34

rt7M_tl.a: [5]
    cexit.o                      10
    cmain.o                      26
    copy_init3.o                 44
    cstartup_M.o                 12
    data_init.o                  40
    zero_init3.o                 64
    -------------------------------------------------
    Total:                      196

shb_l.a: [6]
    exit.o                       20
    -------------------------------------------------
    Total:                       20

    Linker created                        41    8 192
-----------------------------------------------------
    Grand Total:             27 144    1 360   19 459


*******************************************************************************
*** ENTRY LIST
***

Entry                      Address   Size  Type      Object
-----                      -------   ----  ----      ------
.iar.init_table$$Base   0x08006cbc          --   Gb  - Linker created -
.iar.init_table$$Limit  0x08006ce0          --   Gb  - Linker created -
?main                   0x08006b05         Code  Gb  cmain.o [5]
ADC_IRQHandler          0x0800698d    0x2  Code  Wk  stm32f7xx_it.o [1]
APBAHBPrescTable        0x08006dac   0x10  Data  Gb  stm32f7xx_hal_rcc.o [1]
AppTaskStartStk         0x20000098  0x400  Data  Lc  app.o [1]
AppTaskStartTCB         0x200023a8   0xc0  Data  Lc  app.o [1]
App_BusFault_ISR        0x08006acd    0x2  Code  Lc  cstartup.o [1]
App_Fault_ISR           0x08006acb    0x2  Code  Lc  cstartup.o [1]
App_MemFault_ISR        0x08006ad1    0x2  Code  Lc  cstartup.o [1]
App_NMI_ISR             0x08006ac9    0x2  Code  Lc  cstartup.o [1]
App_OS_IdleTaskHook     0x0800693d    0x2  Code  Gb  os_app_hooks.o [1]
App_OS_SetAllHooks      0x080068cd   0x52  Code  Gb  os_app_hooks.o [1]
App_OS_StatTaskHook     0x08006941    0x2  Code  Gb  os_app_hooks.o [1]
App_OS_TaskCreateHook   0x08006945    0x8  Code  Gb  os_app_hooks.o [1]
App_OS_TaskDelHook      0x0800694d    0x8  Code  Gb  os_app_hooks.o [1]
App_OS_TaskReturnHook   0x08006955    0x8  Code  Gb  os_app_hooks.o [1]
App_OS_TaskSwHook       0x0800695d    0x2  Code  Gb  os_app_hooks.o [1]
App_OS_TimeTickHook     0x08006961    0x8  Code  Gb  os_app_hooks.o [1]
App_Reset_ISR           0x08006a95   0x2c  Code  Lc  cstartup.o [1]
App_Spurious_ISR        0x08006ad3    0x2  Code  Lc  cstartup.o [1]
App_UsageFault_ISR      0x08006acf    0x2  Code  Lc  cstartup.o [1]
CAN1_RX0_IRQHandler     0x08006991    0x2  Code  Wk  stm32f7xx_it.o [1]
CAN1_RX1_IRQHandler     0x08006993    0x2  Code  Wk  stm32f7xx_it.o [1]
CAN1_SCE_IRQHandler     0x08006995    0x2  Code  Wk  stm32f7xx_it.o [1]
CAN1_TX_IRQHandler      0x0800698f    0x2  Code  Wk  stm32f7xx_it.o [1]
CAN2_RX0_IRQHandler     0x080069e7    0x2  Code  Wk  stm32f7xx_it.o [1]
CAN2_RX1_IRQHandler     0x080069e9    0x2  Code  Wk  stm32f7xx_it.o [1]
CAN2_SCE_IRQHandler     0x080069eb    0x2  Code  Wk  stm32f7xx_it.o [1]
CAN2_TX_IRQHandler      0x080069e5    0x2  Code  Wk  stm32f7xx_it.o [1]
CPU_CntLeadZeros        0x0800321f         Code  Gb  cpu_a.o [1]
CPU_CntTrailZeros       0x08003225         Code  Gb  cpu_a.o [1]
CPU_Init                0x08001789   0x10  Code  Gb  cpu_core.o [1]
CPU_IntDis              0x08003201         Code  Gb  cpu_a.o [1]
CPU_IntDisMeasCtr       0x20002be0    0x2  Data  Gb  cpu_core.o [1]
CPU_IntDisMeasInit      0x08001905   0x78  Code  Lc  cpu_core.o [1]
CPU_IntDisMeasMaxCalc   0x0800197d   0x1a  Code  Lc  cpu_core.o [1]
CPU_IntDisMeasMaxCurGet
                        0x0800183f   0x24  Code  Gb  cpu_core.o [1]
CPU_IntDisMeasMaxCurReset
                        0x0800181d   0x22  Code  Gb  cpu_core.o [1]
CPU_IntDisMeasMaxCur_cnts
                        0x20002b4c    0x4  Data  Gb  cpu_core.o [1]
CPU_IntDisMeasMaxGet    0x08001863   0x22  Code  Gb  cpu_core.o [1]
CPU_IntDisMeasMax_cnts  0x20002b50    0x4  Data  Gb  cpu_core.o [1]
CPU_IntDisMeasOvrhd_cnts
                        0x20002b48    0x4  Data  Gb  cpu_core.o [1]
CPU_IntDisMeasStart     0x08001885   0x28  Code  Gb  cpu_core.o [1]
CPU_IntDisMeasStart_cnts
                        0x20002b40    0x4  Data  Gb  cpu_core.o [1]
CPU_IntDisMeasStop      0x080018ad   0x42  Code  Gb  cpu_core.o [1]
CPU_IntDisMeasStop_cnts
                        0x20002b44    0x4  Data  Gb  cpu_core.o [1]
CPU_IntDisNestCtr       0x20002be2    0x2  Data  Gb  cpu_core.o [1]
CPU_IntEn               0x08003205         Code  Gb  cpu_a.o [1]
CPU_Name                0x20002b10   0x10  Data  Gb  cpu_core.o [1]
CPU_NameClr             0x0800179b   0x24  Code  Gb  cpu_core.o [1]
CPU_NameInit            0x080018ef    0x8  Code  Lc  cpu_core.o [1]
CPU_NameSet             0x080017bf   0x56  Code  Gb  cpu_core.o [1]
CPU_RevBits             0x0800322f         Code  Gb  cpu_a.o [1]
CPU_SR_Restore          0x08003211         Code  Gb  cpu_a.o [1]
CPU_SR_Save             0x08003209         Code  Gb  cpu_a.o [1]
CPU_SW_Exception        0x08001799    0x2  Code  Gb  cpu_core.o [1]
CPU_TS_Init             0x080018f7    0xe  Code  Lc  cpu_core.o [1]
CPU_TS_TmrFreqSet       0x08001815    0x8  Code  Gb  cpu_core.o [1]
CPU_TS_TmrFreq_Hz       0x20002b3c    0x4  Data  Gb  cpu_core.o [1]
CPU_TS_TmrInit          0x08002e05   0x2e  Code  Gb  cpu_bsp.o [1]
CPU_TS_TmrRd            0x08002e33    0x8  Code  Gb  cpu_bsp.o [1]
CPU_WaitForExcept       0x0800321b         Code  Gb  cpu_a.o [1]
CPU_WaitForInt          0x08003217         Code  Gb  cpu_a.o [1]
CRYP_IRQHandler         0x08006a01    0x2  Code  Wk  stm32f7xx_it.o [1]
CSTACK$$Base            0x20002c08          --   Gb  - Linker created -
CSTACK$$Limit           0x20004c08          --   Gb  - Linker created -
DCMI_IRQHandler         0x080069ff    0x2  Code  Wk  stm32f7xx_it.o [1]
DMA1_Stream0_IRQHandler
                        0x0800697f    0x2  Code  Wk  stm32f7xx_it.o [1]
DMA1_Stream1_IRQHandler
                        0x08006981    0x2  Code  Wk  stm32f7xx_it.o [1]
DMA1_Stream2_IRQHandler
                        0x08006983    0x2  Code  Wk  stm32f7xx_it.o [1]
DMA1_Stream3_IRQHandler
                        0x08006985    0x2  Code  Wk  stm32f7xx_it.o [1]
DMA1_Stream4_IRQHandler
                        0x08006987    0x2  Code  Wk  stm32f7xx_it.o [1]
DMA1_Stream5_IRQHandler
                        0x08006989    0x2  Code  Wk  stm32f7xx_it.o [1]
DMA1_Stream6_IRQHandler
                        0x0800698b    0x2  Code  Wk  stm32f7xx_it.o [1]
DMA1_Stream7_IRQHandler
                        0x080069c5    0x2  Code  Wk  stm32f7xx_it.o [1]
DMA2D_IRQHandler        0x08006a17    0x2  Code  Wk  stm32f7xx_it.o [1]
DMA2_Stream0_IRQHandler
                        0x080069d7    0x2  Code  Wk  stm32f7xx_it.o [1]
DMA2_Stream1_IRQHandler
                        0x080069d9    0x2  Code  Wk  stm32f7xx_it.o [1]
DMA2_Stream2_IRQHandler
                        0x080069db    0x2  Code  Wk  stm32f7xx_it.o [1]
DMA2_Stream3_IRQHandler
                        0x080069dd    0x2  Code  Wk  stm32f7xx_it.o [1]
DMA2_Stream4_IRQHandler
                        0x080069df    0x2  Code  Wk  stm32f7xx_it.o [1]
DMA2_Stream5_IRQHandler
                        0x080069ef    0x2  Code  Wk  stm32f7xx_it.o [1]
DMA2_Stream6_IRQHandler
                        0x0800488b   0x28  Code  Gb  bsp_usart.o [1]
DMA2_Stream7_IRQHandler
                        0x080069f1    0x2  Code  Wk  stm32f7xx_it.o [1]
DMA_CalcBaseAndBitshift
                        0x080065c3   0x2e  Code  Lc  stm32f7xx_hal_dma.o [1]
DMA_SetConfig           0x080062d1   0x2e  Code  Lc  stm32f7xx_hal_dma.o [1]
ETH_IRQHandler          0x080069e1    0x2  Code  Wk  stm32f7xx_it.o [1]
ETH_WKUP_IRQHandler     0x080069e3    0x2  Code  Wk  stm32f7xx_it.o [1]
EXTI0_IRQHandler        0x08006975    0x2  Code  Wk  stm32f7xx_it.o [1]
EXTI15_10_IRQHandler    0x080069b7    0x2  Code  Wk  stm32f7xx_it.o [1]
EXTI1_IRQHandler        0x08006977    0x2  Code  Wk  stm32f7xx_it.o [1]
EXTI2_IRQHandler        0x08006979    0x2  Code  Wk  stm32f7xx_it.o [1]
EXTI3_IRQHandler        0x0800697b    0x2  Code  Wk  stm32f7xx_it.o [1]
EXTI4_IRQHandler        0x0800697d    0x2  Code  Wk  stm32f7xx_it.o [1]
EXTI9_5_IRQHandler      0x08006997    0x2  Code  Wk  stm32f7xx_it.o [1]
Error_Handler           0x080047bb   0x18  Code  Lc  bsp_usart.o [1]
FLASH_IRQHandler        0x08006971    0x2  Code  Wk  stm32f7xx_it.o [1]
FMC_IRQHandler          0x080069c7    0x2  Code  Wk  stm32f7xx_it.o [1]
FPU_IRQHandler          0x08006a05    0x2  Code  Wk  stm32f7xx_it.o [1]
HAL_DMA_IRQHandler      0x080063e7  0x1dc  Code  Gb  stm32f7xx_hal_dma.o [1]
HAL_DMA_Init            0x080062ff   0x86  Code  Gb  stm32f7xx_hal_dma.o [1]
HAL_DMA_Start_IT        0x08006385   0x62  Code  Gb  stm32f7xx_hal_dma.o [1]
HAL_Delay               0x08006641   0x1a  Code  Wk  stm32f7xx_hal.o [1]
HAL_GPIO_DeInit         0x080055a1  0x176  Code  Gb  stm32f7xx_hal_gpio.o [1]
HAL_GPIO_Init           0x080053a5  0x1fc  Code  Gb  stm32f7xx_hal_gpio.o [1]
HAL_GPIO_ReadPin        0x08005717   0x18  Code  Gb  stm32f7xx_hal_gpio.o [1]
HAL_GPIO_TogglePin      0x0800572f    0xa  Code  Gb  stm32f7xx_hal_gpio.o [1]
HAL_GetTick             0x0800663b    0x6  Code  Wk  stm32f7xx_hal.o [1]
HAL_IncTick             0x0800662f    0xc  Code  Wk  stm32f7xx_hal.o [1]
HAL_Init                0x08006601   0x22  Code  Gb  stm32f7xx_hal.o [1]
HAL_InitTick            0x08003fe3   0x1a  Code  Gb  bsp.o [1]
HAL_MPU_ConfigRegion    0x08005327   0x58  Code  Gb  stm32f7xx_hal_cortex.o [1]
HAL_MPU_Disable         0x08003f25   0x1a  Code  Lc  bsp.o [1]
HAL_MPU_Enable          0x08003f3f   0x16  Code  Lc  bsp.o [1]
HAL_MspInit             0x08006623    0xc  Code  Wk  stm32f7xx_hal.o [1]
HAL_NVIC_DisableIRQ     0x08005319    0xe  Code  Gb  stm32f7xx_hal_cortex.o [1]
HAL_NVIC_EnableIRQ      0x0800530b    0xe  Code  Gb  stm32f7xx_hal_cortex.o [1]
HAL_NVIC_SetPriority    0x080052e5   0x26  Code  Gb  stm32f7xx_hal_cortex.o [1]
HAL_NVIC_SetPriorityGrouping
                        0x080052d9    0xc  Code  Gb  stm32f7xx_hal_cortex.o [1]
HAL_PWREx_EnableOverDrive
                        0x0800519d   0x7a  Code  Gb  stm32f7xx_hal_pwr_ex.o [1]
HAL_RCC_ClockConfig     0x08004e05  0x256  Code  Gb  stm32f7xx_hal_rcc.o [1]
HAL_RCC_GetHCLKFreq     0x080050ff   0x28  Code  Gb  stm32f7xx_hal_rcc.o [1]
HAL_RCC_GetPCLK1Freq    0x08005127   0x20  Code  Gb  stm32f7xx_hal_rcc.o [1]
HAL_RCC_GetPCLK2Freq    0x08005147   0x20  Code  Gb  stm32f7xx_hal_rcc.o [1]
HAL_RCC_GetSysClockFreq
                        0x0800505b   0xa4  Code  Gb  stm32f7xx_hal_rcc.o [1]
HAL_RCC_OscConfig       0x080048e9  0x51c  Code  Gb  stm32f7xx_hal_rcc.o [1]
HAL_TIM_Base_Init       0x08005779   0x32  Code  Gb  stm32f7xx_hal_tim.o [1]
HAL_TIM_Base_MspInit    0x080044f5   0x34  Code  Gb  bsp_timer.o [1]
HAL_TIM_Base_Start_IT   0x080057ab   0x1e  Code  Gb  stm32f7xx_hal_tim.o [1]
HAL_UART_DeInit         0x0800595b   0x4a  Code  Gb  stm32f7xx_hal_uart.o [1]
HAL_UART_ErrorCallback  0x08005c97    0x2  Code  Wk  stm32f7xx_hal_uart.o [1]
HAL_UART_IRQHandler     0x08005a51   0xf0  Code  Gb  stm32f7xx_hal_uart.o [1]
HAL_UART_Init           0x080058dd   0x7e  Code  Gb  stm32f7xx_hal_uart.o [1]
HAL_UART_MspDeInit      0x08004787   0x34  Code  Gb  bsp_usart.o [1]
HAL_UART_MspInit        0x080046cd   0xba  Code  Gb  bsp_usart.o [1]
HAL_UART_RxCpltCallback
                        0x08005c95    0x2  Code  Wk  stm32f7xx_hal_uart.o [1]
HAL_UART_Transmit_DMA   0x080059a5   0xac  Code  Gb  stm32f7xx_hal_uart.o [1]
HAL_UART_TxCpltCallback
                        0x08005c91    0x2  Code  Wk  stm32f7xx_hal_uart.o [1]
HAL_UART_TxHalfCpltCallback
                        0x08005c93    0x2  Code  Wk  stm32f7xx_hal_uart.o [1]
HDMI_CEC_IRQHandler     0x08006a1f    0x2  Code  Wk  stm32f7xx_it.o [1]
I2C1_ER_IRQHandler      0x080069a7    0x2  Code  Wk  stm32f7xx_it.o [1]
I2C1_EV_IRQHandler      0x080069a5    0x2  Code  Wk  stm32f7xx_it.o [1]
I2C2_ER_IRQHandler      0x080069ab    0x2  Code  Wk  stm32f7xx_it.o [1]
I2C2_EV_IRQHandler      0x080069a9    0x2  Code  Wk  stm32f7xx_it.o [1]
I2C3_ER_IRQHandler      0x080069f5    0x2  Code  Wk  stm32f7xx_it.o [1]
I2C3_EV_IRQHandler      0x080069f3    0x2  Code  Wk  stm32f7xx_it.o [1]
I2C4_ER_IRQHandler      0x08006a23    0x2  Code  Wk  stm32f7xx_it.o [1]
I2C4_EV_IRQHandler      0x08006a21    0x2  Code  Wk  stm32f7xx_it.o [1]
LPTIM1_IRQHandler       0x08006a1d    0x2  Code  Wk  stm32f7xx_it.o [1]
LTDC_ER_IRQHandler      0x08006a15    0x2  Code  Wk  stm32f7xx_it.o [1]
LTDC_IRQHandler         0x08006a13    0x2  Code  Wk  stm32f7xx_it.o [1]
Math_Init               0x0800689d    0xa  Code  Gb  lib_math.o [1]
Math_RandSeedCur        0x20002b54    0x4  Data  Gb  lib_math.o [1]
Math_RandSetSeed        0x080068a7   0x20  Code  Gb  lib_math.o [1]
Mem_Clr                 0x0800308b   0x12  Code  Gb  lib_mem.o [1]
Mem_Heap                0x20001098  0x400  Data  Gb  lib_mem.o [1]
Mem_Init                0x0800304d   0x3e  Code  Gb  lib_mem.o [1]
Mem_SegCreate           0x08003111   0x48  Code  Gb  lib_mem.o [1]
Mem_SegCreateCritical   0x08003159   0x20  Code  Lc  lib_mem.o [1]
Mem_SegHeadPtr          0x20002b58    0x4  Data  Gb  lib_mem.o [1]
Mem_SegHeap             0x20002afc   0x14  Data  Gb  lib_mem.o [1]
Mem_Set                 0x0800309d   0x74  Code  Gb  lib_mem.o [1]
NVIC_DisableIRQ         0x08005261   0x14  Code  Lc  stm32f7xx_hal_cortex.o [1]
NVIC_EnableIRQ          0x0800524d   0x14  Code  Lc  stm32f7xx_hal_cortex.o [1]
NVIC_EncodePriority     0x0800529b   0x3e  Code  Lc  stm32f7xx_hal_cortex.o [1]
NVIC_GetPriorityGrouping
                        0x08005243    0xa  Code  Lc  stm32f7xx_hal_cortex.o [1]
NVIC_SetPriority        0x08005275   0x26  Code  Lc  stm32f7xx_hal_cortex.o [1]
NVIC_SetPriorityGrouping
                        0x08005225   0x1e  Code  Lc  stm32f7xx_hal_cortex.o [1]
OSCfg_DataSizeRAM       0x08006e64    0x4  Data  Gb  os_cfg_app.o [1]
OSCfg_ISRStk            0x20001898  0x200  Data  Gb  os_cfg_app.o [1]
OSCfg_ISRStkBasePtr     0x08006e10    0x4  Data  Gb  os_cfg_app.o [1]
OSCfg_ISRStkSize        0x08006e14    0x4  Data  Gb  os_cfg_app.o [1]
OSCfg_ISRStkSizeRAM     0x08006e18    0x4  Data  Gb  os_cfg_app.o [1]
OSCfg_IdleTaskStk       0x20001698  0x200  Data  Gb  os_cfg_app.o [1]
OSCfg_IdleTaskStkBasePtr
                        0x08006e00    0x4  Data  Gb  os_cfg_app.o [1]
OSCfg_IdleTaskStkLimit  0x08006e04    0x4  Data  Gb  os_cfg_app.o [1]
OSCfg_IdleTaskStkSize   0x08006e08    0x4  Data  Gb  os_cfg_app.o [1]
OSCfg_IdleTaskStkSizeRAM
                        0x08006e0c    0x4  Data  Gb  os_cfg_app.o [1]
OSCfg_Init              0x08003e6d   0xb8  Code  Gb  os_cfg_app.o [1]
OSCfg_MsgPool           0x20001a98  0x200  Data  Gb  os_cfg_app.o [1]
OSCfg_MsgPoolBasePtr    0x08006e20    0x4  Data  Gb  os_cfg_app.o [1]
OSCfg_MsgPoolSize       0x080031fe    0x2  Data  Gb  os_cfg_app.o [1]
OSCfg_MsgPoolSizeRAM    0x08006e1c    0x4  Data  Gb  os_cfg_app.o [1]
OSCfg_StatTaskPrio      0x08006e94    0x1  Data  Gb  os_cfg_app.o [1]
OSCfg_StatTaskRate_Hz   0x08006e24    0x4  Data  Gb  os_cfg_app.o [1]
OSCfg_StatTaskStk       0x20002098  0x190  Data  Gb  os_cfg_app.o [1]
OSCfg_StatTaskStkBasePtr
                        0x08006e28    0x4  Data  Gb  os_cfg_app.o [1]
OSCfg_StatTaskStkLimit  0x08006e2c    0x4  Data  Gb  os_cfg_app.o [1]
OSCfg_StatTaskStkSize   0x08006e30    0x4  Data  Gb  os_cfg_app.o [1]
OSCfg_StatTaskStkSizeRAM
                        0x08006e34    0x4  Data  Gb  os_cfg_app.o [1]
OSCfg_StkSizeMin        0x08006e38    0x4  Data  Gb  os_cfg_app.o [1]
OSCfg_TickRate_Hz       0x08006e3c    0x4  Data  Gb  os_cfg_app.o [1]
OSCfg_TickTaskPrio      0x08006e95    0x1  Data  Gb  os_cfg_app.o [1]
OSCfg_TickTaskStk       0x20001c98  0x200  Data  Gb  os_cfg_app.o [1]
OSCfg_TickTaskStkBasePtr
                        0x08006e40    0x4  Data  Gb  os_cfg_app.o [1]
OSCfg_TickTaskStkLimit  0x08006e44    0x4  Data  Gb  os_cfg_app.o [1]
OSCfg_TickTaskStkSize   0x08006e48    0x4  Data  Gb  os_cfg_app.o [1]
OSCfg_TickTaskStkSizeRAM
                        0x08006e4c    0x4  Data  Gb  os_cfg_app.o [1]
OSCfg_TmrTaskPrio       0x08006e96    0x1  Data  Gb  os_cfg_app.o [1]
OSCfg_TmrTaskRate_Hz    0x08006e50    0x4  Data  Gb  os_cfg_app.o [1]
OSCfg_TmrTaskStk        0x20001e98  0x200  Data  Gb  os_cfg_app.o [1]
OSCfg_TmrTaskStkBasePtr
                        0x08006e54    0x4  Data  Gb  os_cfg_app.o [1]
OSCfg_TmrTaskStkLimit   0x08006e58    0x4  Data  Gb  os_cfg_app.o [1]
OSCfg_TmrTaskStkSize    0x08006e5c    0x4  Data  Gb  os_cfg_app.o [1]
OSCfg_TmrTaskStkSizeRAM
                        0x08006e60    0x4  Data  Gb  os_cfg_app.o [1]
OSCtxSw                 0x08002ee5         Code  Gb  os_cpu_a.o [1]
OSDbg_AppHooksEn        0x08006e99    0x1  Data  Gb  os_dbg.o [1]
OSDbg_ArgChkEn          0x08006e98    0x1  Data  Gb  os_dbg.o [1]
OSDbg_CalledFromISRChkEn
                        0x08006e9a    0x1  Data  Gb  os_dbg.o [1]
OSDbg_DataSize          0x08006e70    0x4  Data  Gb  os_dbg.o [1]
OSDbg_DbgEn             0x08006e97    0x1  Data  Gb  os_dbg.o [1]
OSDbg_EndiannessTest    0x08006e68    0x4  Data  Gb  os_dbg.o [1]
OSDbg_FlagDelEn         0x08006e9c    0x1  Data  Gb  os_dbg.o [1]
OSDbg_FlagEn            0x08006e9b    0x1  Data  Gb  os_dbg.o [1]
OSDbg_FlagGrp           0x08006c6c   0x28  Data  Gb  os_dbg.o [1]
OSDbg_FlagGrpSize       0x080062ce    0x2  Data  Gb  os_dbg.o [1]
OSDbg_FlagModeClrEn     0x08006e9d    0x1  Data  Gb  os_dbg.o [1]
OSDbg_FlagPendAbortEn   0x08006e9e    0x1  Data  Gb  os_dbg.o [1]
OSDbg_FlagWidth         0x08006a26    0x2  Data  Gb  os_dbg.o [1]
OSDbg_ISRPostDeferredEn
                        0x08006e9f    0x1  Data  Gb  os_dbg.o [1]
OSDbg_Mem               0x08006ce0   0x20  Data  Gb  os_dbg.o [1]
OSDbg_MemEn             0x08006ea0    0x1  Data  Gb  os_dbg.o [1]
OSDbg_MemSize           0x08006b02    0x2  Data  Gb  os_dbg.o [1]
OSDbg_MsgEn             0x08006ea1    0x1  Data  Gb  os_dbg.o [1]
OSDbg_MsgPoolSize       0x08006b5a    0x2  Data  Gb  os_dbg.o [1]
OSDbg_MsgQSize          0x08006e74    0x2  Data  Gb  os_dbg.o [1]
OSDbg_MsgSize           0x08006b22    0x2  Data  Gb  os_dbg.o [1]
OSDbg_Mutex             0x08006bb0   0x30  Data  Gb  os_dbg.o [1]
OSDbg_MutexDelEn        0x08006ea3    0x1  Data  Gb  os_dbg.o [1]
OSDbg_MutexEn           0x08006ea2    0x1  Data  Gb  os_dbg.o [1]
OSDbg_MutexPendAbortEn  0x08006ea4    0x1  Data  Gb  os_dbg.o [1]
OSDbg_MutexSize         0x08006e76    0x2  Data  Gb  os_dbg.o [1]
OSDbg_ObjTypeChkEn      0x08006ea5    0x1  Data  Gb  os_dbg.o [1]
OSDbg_PendDataSize      0x08006e78    0x2  Data  Gb  os_dbg.o [1]
OSDbg_PendListSize      0x08006e7a    0x2  Data  Gb  os_dbg.o [1]
OSDbg_PendMultiEn       0x08006ea6    0x1  Data  Gb  os_dbg.o [1]
OSDbg_PendObjSize       0x08006e7c    0x2  Data  Gb  os_dbg.o [1]
OSDbg_PrioMax           0x08006e7e    0x2  Data  Gb  os_dbg.o [1]
OSDbg_PrioTblSize       0x08006e80    0x2  Data  Gb  os_dbg.o [1]
OSDbg_PtrSize           0x08006e82    0x2  Data  Gb  os_dbg.o [1]
OSDbg_Q                 0x08006be0   0x30  Data  Gb  os_dbg.o [1]
OSDbg_QDelEn            0x08006ea8    0x1  Data  Gb  os_dbg.o [1]
OSDbg_QEn               0x08006ea7    0x1  Data  Gb  os_dbg.o [1]
OSDbg_QFlushEn          0x08006ea9    0x1  Data  Gb  os_dbg.o [1]
OSDbg_QPendAbortEn      0x08006eaa    0x1  Data  Gb  os_dbg.o [1]
OSDbg_QSize             0x08006e84    0x2  Data  Gb  os_dbg.o [1]
OSDbg_RdyList           0x08006e88    0x2  Data  Gb  os_dbg.o [1]
OSDbg_RdyListSize       0x08006e6c    0x4  Data  Gb  os_dbg.o [1]
OSDbg_SchedRoundRobinEn
                        0x08006eab    0x1  Data  Gb  os_dbg.o [1]
OSDbg_Sem               0x08006c94   0x28  Data  Gb  os_dbg.o [1]
OSDbg_SemDelEn          0x08006ead    0x1  Data  Gb  os_dbg.o [1]
OSDbg_SemEn             0x08006eac    0x1  Data  Gb  os_dbg.o [1]
OSDbg_SemPendAbortEn    0x08006eae    0x1  Data  Gb  os_dbg.o [1]
OSDbg_SemSetEn          0x08006eaf    0x1  Data  Gb  os_dbg.o [1]
OSDbg_SemSize           0x08006e86    0x2  Data  Gb  os_dbg.o [1]
OSDbg_StatTaskEn        0x08006eb1    0x1  Data  Gb  os_dbg.o [1]
OSDbg_StatTaskStkChkEn  0x08006eb2    0x1  Data  Gb  os_dbg.o [1]
OSDbg_StkWidth          0x08006eb0    0x1  Data  Gb  os_dbg.o [1]
OSDbg_TCBSize           0x08006e8c    0x2  Data  Gb  os_dbg.o [1]
OSDbg_TaskChangePrioEn  0x08006eb3    0x1  Data  Gb  os_dbg.o [1]
OSDbg_TaskDelEn         0x08006eb4    0x1  Data  Gb  os_dbg.o [1]
OSDbg_TaskProfileEn     0x08006eb7    0x1  Data  Gb  os_dbg.o [1]
OSDbg_TaskQEn           0x08006eb5    0x1  Data  Gb  os_dbg.o [1]
OSDbg_TaskQPendAbortEn  0x08006eb6    0x1  Data  Gb  os_dbg.o [1]
OSDbg_TaskRegTblSize    0x08006e8a    0x2  Data  Gb  os_dbg.o [1]
OSDbg_TaskSemPendAbortEn
                        0x08006eb8    0x1  Data  Gb  os_dbg.o [1]
OSDbg_TaskSuspendEn     0x08006eb9    0x1  Data  Gb  os_dbg.o [1]
OSDbg_TickListSize      0x08006e8e    0x2  Data  Gb  os_dbg.o [1]
OSDbg_TimeDlyHMSMEn     0x08006eba    0x1  Data  Gb  os_dbg.o [1]
OSDbg_TimeDlyResumeEn   0x08006ebb    0x1  Data  Gb  os_dbg.o [1]
OSDbg_Tmr               0x08006c10   0x30  Data  Gb  os_dbg.o [1]
OSDbg_TmrDelEn          0x08006ebd    0x1  Data  Gb  os_dbg.o [1]
OSDbg_TmrEn             0x08006ebc    0x1  Data  Gb  os_dbg.o [1]
OSDbg_TmrSize           0x08006e90    0x2  Data  Gb  os_dbg.o [1]
OSDbg_VersionNbr        0x08006e92    0x2  Data  Gb  os_dbg.o [1]
OSFlagDbgListPtr        0x20002b88    0x4  Data  Gb  os_var.o [1]
OSFlagQty               0x20002be4    0x2  Data  Gb  os_var.o [1]
OSIdleTaskCtr           0x20002b80    0x4  Data  Gb  os_var.o [1]
OSIdleTaskHook          0x08001175   0x12  Code  Gb  os_cpu_c.o [1]
OSIdleTaskTCB           0x200026a8   0xc0  Data  Gb  os_var.o [1]
OSInit                  0x08001a45  0x150  Code  Gb  os_core.o [1]
OSInitHook              0x08001187   0x1e  Code  Gb  os_cpu_c.o [1]
OSInitialized           0x20002bff    0x1  Data  Gb  os_var.o [1]
OSIntCtxSw              0x08002eed         Code  Gb  os_cpu_a.o [1]
OSIntDisTimeMax         0x20002b84    0x4  Data  Gb  os_var.o [1]
OSIntEnter              0x08001b95   0x24  Code  Gb  os_core.o [1]
OSIntExit               0x08001bb9   0xba  Code  Gb  os_core.o [1]
OSIntNestingCtr         0x20002bfd    0x1  Data  Gb  os_var.o [1]
OSMemCreate             0x08003235   0xfc  Code  Gb  os_mem.o [1]
OSMemDbgListPtr         0x20002b8c    0x4  Data  Gb  os_var.o [1]
OSMemGet                0x08003331   0x6a  Code  Gb  os_mem.o [1]
OSMemPut                0x0800339b   0x70  Code  Gb  os_mem.o [1]
OSMemQty                0x20002be6    0x2  Data  Gb  os_var.o [1]
OSMsgPool               0x20002b20    0xc  Data  Gb  os_var.o [1]
OSMutexCreate           0x080028fd   0x78  Code  Gb  os_mutex.o [1]
OSMutexDbgListPtr       0x20002b90    0x4  Data  Gb  os_var.o [1]
OSMutexPend             0x08002975  0x1fe  Code  Gb  os_mutex.o [1]
OSMutexPost             0x08002b73  0x182  Code  Gb  os_mutex.o [1]
OSMutexQty              0x20002be8    0x2  Data  Gb  os_var.o [1]
OSPrioCur               0x20002c00    0x1  Data  Gb  os_var.o [1]
OSPrioHighRdy           0x20002c01    0x1  Data  Gb  os_var.o [1]
OSPrioTbl               0x20002b60    0x4  Data  Gb  os_prio.o [1]
OSQDbgListPtr           0x20002b94    0x4  Data  Gb  os_var.o [1]
OSQQty                  0x20002bea    0x2  Data  Gb  os_var.o [1]
OSRdyList               0x20002228  0x180  Data  Gb  os_var.o [1]
OSRunning               0x20002bfe    0x1  Data  Gb  os_var.o [1]
OSSched                 0x08001c73   0x8a  Code  Gb  os_core.o [1]
OSSchedLock             0x08001cfd   0x64  Code  Gb  os_core.o [1]
OSSchedLockNestingCtr   0x20002c02    0x1  Data  Gb  os_var.o [1]
OSSchedUnlock           0x08001d61   0x82  Code  Gb  os_core.o [1]
OSSemDbgListPtr         0x20002b98    0x4  Data  Gb  os_var.o [1]
OSSemQty                0x20002bec    0x2  Data  Gb  os_var.o [1]
OSStart                 0x08001de3   0x96  Code  Gb  os_core.o [1]
OSStartHighRdy          0x08002e75         Code  Gb  os_cpu_a.o [1]
OSStatReset             0x08003451  0x112  Code  Gb  os_stat.o [1]
OSStatResetFlag         0x20002c03    0x1  Data  Gb  os_var.o [1]
OSStatTaskCPUUsage      0x20002bee    0x2  Data  Gb  os_var.o [1]
OSStatTaskCPUUsageInit  0x08003563   0xea  Code  Gb  os_stat.o [1]
OSStatTaskCPUUsageMax   0x20002bf0    0x2  Data  Gb  os_var.o [1]
OSStatTaskCtr           0x20002b9c    0x4  Data  Gb  os_var.o [1]
OSStatTaskCtrMax        0x20002ba0    0x4  Data  Gb  os_var.o [1]
OSStatTaskCtrRun        0x20002ba4    0x4  Data  Gb  os_var.o [1]
OSStatTaskHook          0x080011a5   0x12  Code  Gb  os_cpu_c.o [1]
OSStatTaskRdy           0x20002c04    0x1  Data  Gb  os_var.o [1]
OSStatTaskTCB           0x20002768   0xc0  Data  Gb  os_var.o [1]
OSStatTaskTimeMax       0x20002ba8    0x4  Data  Gb  os_var.o [1]
OSTCBCurPtr             0x20002bd4    0x4  Data  Gb  os_var.o [1]
OSTCBHighRdyPtr         0x20002bd8    0x4  Data  Gb  os_var.o [1]
OSTaskCreate            0x080001c9  0x1ae  Code  Gb  os_task.o [1]
OSTaskCreateHook        0x080011b7   0x16  Code  Gb  os_cpu_c.o [1]
OSTaskCtxSwCtr          0x20002bac    0x4  Data  Gb  os_var.o [1]
OSTaskDbgListPtr        0x20002bb0    0x4  Data  Gb  os_var.o [1]
OSTaskDel               0x08000377  0x18c  Code  Gb  os_task.o [1]
OSTaskDelHook           0x080011cd   0x16  Code  Gb  os_cpu_c.o [1]
OSTaskQPend             0x08000503  0x1ea  Code  Gb  os_task.o [1]
OSTaskQPost             0x080006ed   0x58  Code  Gb  os_task.o [1]
OSTaskQty               0x20002bf2    0x2  Data  Gb  os_var.o [1]
OSTaskRegNextAvailID    0x20002c05    0x1  Data  Gb  os_var.o [1]
OSTaskResume            0x08000745   0x56  Code  Gb  os_task.o [1]
OSTaskReturnHook        0x080011e3   0x16  Code  Gb  os_cpu_c.o [1]
OSTaskSemPend           0x0800079b  0x1f0  Code  Gb  os_task.o [1]
OSTaskSemPost           0x0800098b   0x3e  Code  Gb  os_task.o [1]
OSTaskStkChk            0x080009c9   0xc4  Code  Gb  os_task.o [1]
OSTaskStkInit           0x080011f9  0x15e  Code  Gb  os_cpu_c.o [1]
OSTaskSuspend           0x08000a8d   0x2e  Code  Gb  os_task.o [1]
OSTaskSwHook            0x08001357   0x9e  Code  Gb  os_cpu_c.o [1]
OSTickCtr               0x20002bb4    0x4  Data  Gb  os_var.o [1]
OSTickListDly           0x20002b2c    0x8  Data  Gb  os_var.o [1]
OSTickListTimeout       0x20002b34    0x8  Data  Gb  os_var.o [1]
OSTickTaskTCB           0x20002828   0xc0  Data  Gb  os_var.o [1]
OSTickTaskTimeMax       0x20002bb8    0x4  Data  Gb  os_var.o [1]
OSTimeDly               0x08002f55   0x98  Code  Gb  os_time.o [1]
OSTimeTick              0x08002fed   0x3e  Code  Gb  os_time.o [1]
OSTimeTickHook          0x080013f5   0x12  Code  Gb  os_cpu_c.o [1]
OSTmrDbgListPtr         0x20002bbc    0x4  Data  Gb  os_var.o [1]
OSTmrListEntries        0x20002bf4    0x2  Data  Gb  os_var.o [1]
OSTmrListPtr            0x20002bc0    0x4  Data  Gb  os_var.o [1]
OSTmrMutex              0x20002aac   0x30  Data  Gb  os_var.o [1]
OSTmrTaskTCB            0x200028e8   0xc0  Data  Gb  os_var.o [1]
OSTmrTaskTimeMax        0x20002bc4    0x4  Data  Gb  os_var.o [1]
OSTmrTickCtr            0x20002bc8    0x4  Data  Gb  os_var.o [1]
OSTmrUpdateCnt          0x20002bcc    0x4  Data  Gb  os_var.o [1]
OSTmrUpdateCtr          0x20002bd0    0x4  Data  Gb  os_var.o [1]
OS_AppIdleTaskHookPtr   0x20002b70    0x4  Data  Gb  os_var.o [1]
OS_AppStatTaskHookPtr   0x20002b74    0x4  Data  Gb  os_var.o [1]
OS_AppTaskCreateHookPtr
                        0x20002b64    0x4  Data  Gb  os_var.o [1]
OS_AppTaskDelHookPtr    0x20002b68    0x4  Data  Gb  os_var.o [1]
OS_AppTaskReturnHookPtr
                        0x20002b6c    0x4  Data  Gb  os_var.o [1]
OS_AppTaskSwHookPtr     0x20002b78    0x4  Data  Gb  os_var.o [1]
OS_AppTimeTickHookPtr   0x20002b7c    0x4  Data  Gb  os_var.o [1]
OS_CPU_ExceptStkBase    0x20002b5c    0x4  Data  Gb  os_cpu_c.o [1]
OS_CPU_FP_Reg_Pop       0x08002e63         Code  Gb  os_cpu_a.o [1]
OS_CPU_FP_Reg_Push      0x08002e49         Code  Gb  os_cpu_a.o [1]
OS_CPU_PendSVHandler    0x08002ef5         Code  Gb  os_cpu_a.o [1]
OS_CPU_SysTickHandler   0x08001407   0x2c  Code  Gb  os_cpu_c.o [1]
OS_CPU_SysTickInit      0x08001433   0x2e  Code  Gb  os_cpu_c.o [1]
OS_Dbg_Init             0x08003c41  0x22c  Code  Gb  os_dbg.o [1]
OS_IdleTask             0x08001e79   0x3c  Code  Gb  os_core.o [1]
OS_IdleTaskInit         0x08001eb5   0x52  Code  Gb  os_core.o [1]
OS_MemDbgListAdd        0x0800340b   0x24  Code  Gb  os_mem.o [1]
OS_MemInit              0x0800342f   0x12  Code  Gb  os_mem.o [1]
OS_MsgPoolInit          0x0800150d   0x8e  Code  Gb  os_msg.o [1]
OS_MsgQFreeAll          0x0800159b   0x4c  Code  Gb  os_msg.o [1]
OS_MsgQGet              0x080015fb   0x76  Code  Gb  os_msg.o [1]
OS_MsgQInit             0x080015e7   0x14  Code  Gb  os_msg.o [1]
OS_MsgQPut              0x08001671  0x10a  Code  Gb  os_msg.o [1]
OS_MutexDbgListAdd      0x08002cf5   0x28  Code  Gb  os_mutex.o [1]
OS_MutexGrpAdd          0x08002d3d    0x8  Code  Gb  os_mutex.o [1]
OS_MutexGrpPostAll      0x08002d9b   0x6a  Code  Gb  os_mutex.o [1]
OS_MutexGrpPrioFindHighest
                        0x08002d5f   0x3c  Code  Gb  os_mutex.o [1]
OS_MutexGrpRemove       0x08002d45   0x1a  Code  Gb  os_mutex.o [1]
OS_Pend                 0x08001f07   0x6c  Code  Gb  os_core.o [1]
OS_PendDataInit         0x08001f73   0x1e  Code  Gb  os_core.o [1]
OS_PendDbgNameAdd       0x08001f91   0x4c  Code  Gb  os_core.o [1]
OS_PendDbgNameRemove    0x08001fdd   0x28  Code  Gb  os_core.o [1]
OS_PendListChangePrio   0x08002005   0x40  Code  Gb  os_core.o [1]
OS_PendListInit         0x08002045    0xe  Code  Gb  os_core.o [1]
OS_PendListInsertPrio   0x08002053   0x7a  Code  Gb  os_core.o [1]
OS_PendListRemove       0x080020cd   0x3a  Code  Gb  os_core.o [1]
OS_PendListRemove1      0x08002107   0x56  Code  Gb  os_core.o [1]
OS_Post                 0x0800215d   0xb8  Code  Gb  os_core.o [1]
OS_PrioGetHighest       0x080019d3   0x1a  Code  Gb  os_prio.o [1]
OS_PrioInit             0x080019bd   0x16  Code  Gb  os_prio.o [1]
OS_PrioInsert           0x080019ed   0x2a  Code  Gb  os_prio.o [1]
OS_PrioRemove           0x08001a17   0x2a  Code  Gb  os_prio.o [1]
OS_RdyListInit          0x08002215   0x24  Code  Gb  os_core.o [1]
OS_RdyListInsert        0x08002239   0x28  Code  Gb  os_core.o [1]
OS_RdyListInsertHead    0x08002265   0x42  Code  Gb  os_core.o [1]
OS_RdyListInsertTail    0x080022a7   0x40  Code  Gb  os_core.o [1]
OS_RdyListRemove        0x080022e7   0x62  Code  Gb  os_core.o [1]
OS_StatTask             0x0800364d  0x2c0  Code  Gb  os_stat.o [1]
OS_StatTaskInit         0x0800390d   0x92  Code  Gb  os_stat.o [1]
OS_TaskBlock            0x08002349   0x2a  Code  Gb  os_core.o [1]
OS_TaskChangePrio       0x0800107d   0xe4  Code  Gb  os_task.o [1]
OS_TaskDbgListAdd       0x08000abb   0x34  Code  Gb  os_task.o [1]
OS_TaskDbgListRemove    0x08000aef   0x50  Code  Gb  os_task.o [1]
OS_TaskInit             0x08000b3f   0x1c  Code  Gb  os_task.o [1]
OS_TaskInitTCB          0x08000b69  0x114  Code  Gb  os_task.o [1]
OS_TaskQPost            0x08000c85   0xe0  Code  Gb  os_task.o [1]
OS_TaskResume           0x08000d69   0xe8  Code  Gb  os_task.o [1]
OS_TaskReturn           0x08000e51   0x14  Code  Gb  os_task.o [1]
OS_TaskSemPost          0x08000e65   0xee  Code  Gb  os_task.o [1]
OS_TaskSuspend          0x08000f59  0x11e  Code  Gb  os_task.o [1]
OS_TickListInsert       0x08002543   0x90  Code  Gb  os_tick.o [1]
OS_TickListInsertDly    0x080025d3   0xb0  Code  Gb  os_tick.o [1]
OS_TickListRemove       0x08002683   0x74  Code  Gb  os_tick.o [1]
OS_TickListUpdateDly    0x080026f7   0xa6  Code  Lc  os_tick.o [1]
OS_TickListUpdateTimeout
                        0x0800279d  0x12a  Code  Lc  os_tick.o [1]
OS_TickTask             0x08002415   0x6c  Code  Gb  os_tick.o [1]
OS_TickTaskInit         0x08002481   0xc2  Code  Gb  os_tick.o [1]
OS_TmrInit              0x08003a15   0xd4  Code  Gb  os_tmr.o [1]
OS_TmrLock              0x08003bd1   0x16  Code  Lc  os_tmr.o [1]
OS_TmrTask              0x08003b35   0x9c  Code  Gb  os_tmr.o [1]
OS_TmrUnlink            0x08003ae9   0x48  Code  Gb  os_tmr.o [1]
OS_TmrUnlock            0x08003be7   0x10  Code  Lc  os_tmr.o [1]
OTG_FS_IRQHandler       0x080069ed    0x2  Code  Wk  stm32f7xx_it.o [1]
OTG_FS_WKUP_IRQHandler  0x080069bb    0x2  Code  Wk  stm32f7xx_it.o [1]
OTG_HS_EP1_IN_IRQHandler
                        0x080069f9    0x2  Code  Wk  stm32f7xx_it.o [1]
OTG_HS_EP1_OUT_IRQHandler
                        0x080069f7    0x2  Code  Wk  stm32f7xx_it.o [1]
OTG_HS_IRQHandler       0x080069fd    0x2  Code  Wk  stm32f7xx_it.o [1]
OTG_HS_WKUP_IRQHandler  0x080069fb    0x2  Code  Wk  stm32f7xx_it.o [1]
PVD_IRQHandler          0x0800696b    0x2  Code  Wk  stm32f7xx_it.o [1]
QUADSPI_IRQHandler      0x08006a1b    0x2  Code  Wk  stm32f7xx_it.o [1]
RCC_IRQHandler          0x08006973    0x2  Code  Wk  stm32f7xx_it.o [1]
RNG_IRQHandler          0x08006a03    0x2  Code  Wk  stm32f7xx_it.o [1]
RTC_Alarm_IRQHandler    0x080069b9    0x2  Code  Wk  stm32f7xx_it.o [1]
RTC_WKUP_IRQHandler     0x0800696f    0x2  Code  Wk  stm32f7xx_it.o [1]
Region$$Table$$Base     0x08006cbc          --   Gb  - Linker created -
Region$$Table$$Limit    0x08006ce0          --   Gb  - Linker created -
SAI1_IRQHandler         0x08006a11    0x2  Code  Wk  stm32f7xx_it.o [1]
SAI2_IRQHandler         0x08006a19    0x2  Code  Wk  stm32f7xx_it.o [1]
SDMMC1_IRQHandler       0x080069c9    0x2  Code  Wk  stm32f7xx_it.o [1]
SPDIF_RX_IRQHandler     0x08006a25    0x2  Code  Wk  stm32f7xx_it.o [1]
SPI1_IRQHandler         0x080069ad    0x2  Code  Wk  stm32f7xx_it.o [1]
SPI2_IRQHandler         0x080069af    0x2  Code  Wk  stm32f7xx_it.o [1]
SPI3_IRQHandler         0x080069cd    0x2  Code  Wk  stm32f7xx_it.o [1]
SPI4_IRQHandler         0x08006a0b    0x2  Code  Wk  stm32f7xx_it.o [1]
SPI5_IRQHandler         0x08006a0d    0x2  Code  Wk  stm32f7xx_it.o [1]
SPI6_IRQHandler         0x08006a0f    0x2  Code  Wk  stm32f7xx_it.o [1]
Str_Copy_N              0x080031ab   0x54  Code  Gb  lib_str.o [1]
Str_Len_N               0x08003189   0x22  Code  Gb  lib_str.o [1]
SystemCoreClock         0x20000090    0x4  Data  Gb  system_stm32f7xx.o [1]
SystemInit              0x08006a29   0x4c  Code  Gb  system_stm32f7xx.o [1]
TAMP_STAMP_IRQHandler   0x0800696d    0x2  Code  Wk  stm32f7xx_it.o [1]
TIM1_BRK_TIM9_IRQHandler
                        0x08006999    0x2  Code  Wk  stm32f7xx_it.o [1]
TIM1_CC_IRQHandler      0x0800699f    0x2  Code  Wk  stm32f7xx_it.o [1]
TIM1_TRG_COM_TIM11_IRQHandler
                        0x0800699d    0x2  Code  Wk  stm32f7xx_it.o [1]
TIM1_UP_TIM10_IRQHandler
                        0x0800699b    0x2  Code  Wk  stm32f7xx_it.o [1]
TIM2_IRQHandler         0x080069a1    0x2  Code  Wk  stm32f7xx_it.o [1]
TIM3_IRQHandler         0x08004529   0x76  Code  Gb  bsp_timer.o [1]
TIM4_IRQHandler         0x080069a3    0x2  Code  Wk  stm32f7xx_it.o [1]
TIM5_IRQHandler         0x080069cb    0x2  Code  Wk  stm32f7xx_it.o [1]
TIM6_DAC_IRQHandler     0x080069d3    0x2  Code  Wk  stm32f7xx_it.o [1]
TIM7_IRQHandler         0x080069d5    0x2  Code  Wk  stm32f7xx_it.o [1]
TIM8_BRK_TIM12_IRQHandler
                        0x080069bd    0x2  Code  Wk  stm32f7xx_it.o [1]
TIM8_CC_IRQHandler      0x080069c3    0x2  Code  Wk  stm32f7xx_it.o [1]
TIM8_TRG_COM_TIM14_IRQHandler
                        0x080069c1    0x2  Code  Wk  stm32f7xx_it.o [1]
TIM8_UP_TIM13_IRQHandler
                        0x080069bf    0x2  Code  Wk  stm32f7xx_it.o [1]
TIM_Base_SetConfig      0x080057c9   0xe6  Code  Gb  stm32f7xx_hal_tim.o [1]
TimHandle               0x20002a70   0x3c  Data  Gb  bsp_timer.o [1]
UART4_IRQHandler        0x080069cf    0x2  Code  Wk  stm32f7xx_it.o [1]
UART5_IRQHandler        0x080069d1    0x2  Code  Wk  stm32f7xx_it.o [1]
UART7_IRQHandler        0x08006a07    0x2  Code  Wk  stm32f7xx_it.o [1]
UART8_IRQHandler        0x08006a09    0x2  Code  Wk  stm32f7xx_it.o [1]
UART_AdvFeatureConfig   0x0800619d   0xda  Code  Gb  stm32f7xx_hal_uart.o [1]
UART_CheckIdleState     0x08006277   0x58  Code  Gb  stm32f7xx_hal_uart.o [1]
UART_DMAError           0x08005c69   0x28  Code  Lc  stm32f7xx_hal_uart.o [1]
UART_DMATransmitCplt    0x08005c21   0x36  Code  Lc  stm32f7xx_hal_uart.o [1]
UART_DMATxHalfCplt      0x08005c59    0xe  Code  Lc  stm32f7xx_hal_uart.o [1]
UART_EndTransmit_IT     0x08005d39   0x30  Code  Lc  stm32f7xx_hal_uart.o [1]
UART_Receive_IT         0x08005d69   0xa6  Code  Lc  stm32f7xx_hal_uart.o [1]
UART_SetConfig          0x08005e0f  0x35c  Code  Gb  stm32f7xx_hal_uart.o [1]
UART_Transmit_IT        0x08005c99   0xa0  Code  Lc  stm32f7xx_hal_uart.o [1]
UART_WaitOnFlagUntilTimeout
                        0x08005b41   0xde  Code  Gb  stm32f7xx_hal_uart.o [1]
USART1_IRQHandler       0x080069b1    0x2  Code  Wk  stm32f7xx_it.o [1]
USART2_IRQHandler       0x080069b3    0x2  Code  Wk  stm32f7xx_it.o [1]
USART3_IRQHandler       0x080069b5    0x2  Code  Wk  stm32f7xx_it.o [1]
USART6_IRQHandler       0x080047d3   0xb8  Code  Gb  bsp_usart.o [1]
WWDG_IRQHandler         0x08006969    0x2  Code  Wk  stm32f7xx_it.o [1]
__cmain                 0x08006b05         Code  Gb  cmain.o [5]
__exit                  0x08006b5d   0x14  Code  Gb  exit.o [6]
__iar_copy_init3        0x08006c41   0x2c  Code  Gb  copy_init3.o [5]
__iar_data_init3        0x08006b25   0x28  Code  Gb  data_init.o [5]
__iar_init_vfp          0x08006ae1         Code  Gb  fpinit_M.o [4]
__iar_program_start     0x08006ad5         Code  Gb  cstartup_M.o [5]
__iar_zero_init3        0x08006b71   0x40  Code  Gb  zero_init3.o [5]
__low_level_init        0x08006b1f    0x4  Code  Gb  low_level_init.o [3]
__vector_table          0x08000000  0x1c8  Data  Gb  cstartup.o [1]
_call_main              0x08006b11         Code  Gb  cmain.o [5]
_exit                   0x08006b51         Code  Gb  cexit.o [5]
_main                   0x08006b1b         Code  Gb  cmain.o [5]
app_ButtonScanTask      0x08006789   0x3e  Code  Lc  app.o [1]
app_ButtonTask          0x080067c9   0x4c  Code  Lc  app.o [1]
app_TaskStart           0x080066c9   0xc0  Code  Lc  app.o [1]
app_UsartMsgHandleTask  0x08006815   0x3e  Code  Lc  app.o [1]
bsp_ButtonDetect        0x080043f1   0x80  Code  Lc  bsp_button.o [1]
bsp_ButtonInit          0x08004311   0x5a  Code  Gb  bsp_button.o [1]
bsp_ButtonScan          0x0800436b   0x86  Code  Gb  bsp_button.o [1]
bsp_CpuClkFreq          0x08003fd7    0xc  Code  Gb  bsp.o [1]
bsp_GPIOxClockEnable    0x08004101  0x17c  Code  Gb  bsp_led.o [1]
bsp_Init                0x08003f55   0x20  Code  Gb  bsp.o [1]
bsp_IsButtonDown        0x08004471   0x28  Code  Lc  bsp_button.o [1]
bsp_LedInit             0x08004085   0x7c  Code  Gb  bsp_led.o [1]
bsp_LedOff              0x0800427d   0x1e  Code  Gb  bsp_led.o [1]
bsp_LedOn               0x0800429b   0x1c  Code  Gb  bsp_led.o [1]
bsp_LedToggle           0x080042b7   0x22  Code  Gb  bsp_led.o [1]
bsp_MPUConfig           0x08004017   0x58  Code  Lc  bsp.o [1]
bsp_SystemClockConfig   0x08003f75   0x62  Code  Lc  bsp.o [1]
bsp_TickInit            0x08003ffd   0x1a  Code  Gb  bsp.o [1]
bsp_TimerInit           0x080044b1   0x44  Code  Gb  bsp_timer.o [1]
bsp_UsartDmaInit        0x0800464b   0x82  Code  Lc  bsp_usart.o [1]
bsp_UsartInit           0x080045bd   0x6c  Code  Gb  bsp_usart.o [1]
bsp_UsartTransmitData   0x08004629   0x22  Code  Gb  bsp_usart.o [1]
exit                    0x08006b4d    0x4  Code  Gb  exit.o [3]
g_buttonInit            0x20000070   0x10  Data  Gb  bsp_button.o [1]
g_buttonNum             0x20000094    0x1  Data  Gb  bsp_button.o [1]
g_buttonScanTaskStk     0x20000898  0x400  Data  Lc  app.o [1]
g_buttonScanTaskTCB     0x20002528   0xc0  Data  Gb  app.o [1]
g_buttonTaskStk         0x20000498  0x400  Data  Lc  app.o [1]
g_buttonTaskTCB         0x20002468   0xc0  Data  Lc  app.o [1]
g_dmaTxHandle           0x20002a18   0x58  Data  Gb  bsp_usart.o [1]
g_ledInit               0x20000080    0xc  Data  Gb  bsp_led.o [1]
g_ledNumber             0x2000008c    0x4  Data  Lc  bsp_led.o [1]
g_msgHandleFlag         0x20002bfc    0x1  Data  Gb  bsp_usart.o [1]
g_txBuffer              0x20000000   0x70  Data  Gb  app.o [1]
g_uartHandle            0x200029a8   0x70  Data  Gb  bsp_usart.o [1]
g_usartBuffer           0x20001498  0x200  Data  Gb  bsp_usart.o [1]
g_usartMemPartition     0x20002adc   0x20  Data  Gb  bsp_usart.o [1]
g_usartMsgTaskStk       0x20000c98  0x400  Data  Lc  app.o [1]
g_usartMsgTaskTCB       0x200025e8   0xc0  Data  Gb  app.o [1]
g_usartTimeoutCounter   0x20002bfb    0x1  Data  Gb  bsp_usart.o [1]
main                    0x08006665   0x64  Code  Gb  app.o [1]
uwTick                  0x20002bdc    0x4  Data  Lc  stm32f7xx_hal.o [1]


[1] = E:\Bryant\STM32F746-Discovery(uCOS-III)\Code\IAR\Debug\Obj
[2] = command line
[3] = dl7M_tlf.a
[4] = m7M_tls.a
[5] = rt7M_tl.a
[6] = shb_l.a

  27 144 bytes of readonly  code memory
   1 360 bytes of readonly  data memory
  19 459 bytes of readwrite data memory

Errors: none
Warnings: none
