###############################################################################
#
# IAR ELF Linker V7.50.1.10123/W32 for ARM                19/Mar/2016  22:22:18
# Copyright 2007-2015 IAR Systems AB.
#
#    Output file  =  
#        E:\Bryant\STM32F746-Discovery(uCOS-III)\Code\IAR\Debug\Exe\STM32F746NG_Discovery.out
#    Map file     =  
#        E:\Bryant\STM32F746-Discovery(uCOS-III)\Code\IAR\Debug\List\STM32F746NG_Discovery.map
#    Command line =  
#        "E:\Bryant\STM32F746-Discovery(uCOS-III)\Code\IAR\Debug\Obj\app.o"
#        "E:\Bryant\STM32F746-Discovery(uCOS-III)\Code\IAR\Debug\Obj\bsp.o"
#        "E:\Bryant\STM32F746-Discovery(uCOS-III)\Code\IAR\Debug\Obj\bsp_button.o"
#        "E:\Bryant\STM32F746-Discovery(uCOS-III)\Code\IAR\Debug\Obj\bsp_led.o"
#        "E:\Bryant\STM32F746-Discovery(uCOS-III)\Code\IAR\Debug\Obj\bsp_timer.o"
#        "E:\Bryant\STM32F746-Discovery(uCOS-III)\Code\IAR\Debug\Obj\cpu_a.o"
#        "E:\Bryant\STM32F746-Discovery(uCOS-III)\Code\IAR\Debug\Obj\cpu_bsp.o"
#        "E:\Bryant\STM32F746-Discovery(uCOS-III)\Code\IAR\Debug\Obj\cpu_c.o"
#        "E:\Bryant\STM32F746-Discovery(uCOS-III)\Code\IAR\Debug\Obj\cpu_core.o"
#        "E:\Bryant\STM32F746-Discovery(uCOS-III)\Code\IAR\Debug\Obj\cstartup.o"
#        "E:\Bryant\STM32F746-Discovery(uCOS-III)\Code\IAR\Debug\Obj\lib_ascii.o"
#        "E:\Bryant\STM32F746-Discovery(uCOS-III)\Code\IAR\Debug\Obj\lib_math.o"
#        "E:\Bryant\STM32F746-Discovery(uCOS-III)\Code\IAR\Debug\Obj\lib_mem.o"
#        "E:\Bryant\STM32F746-Discovery(uCOS-III)\Code\IAR\Debug\Obj\lib_mem_a.o"
#        "E:\Bryant\STM32F746-Discovery(uCOS-III)\Code\IAR\Debug\Obj\lib_str.o"
#        "E:\Bryant\STM32F746-Discovery(uCOS-III)\Code\IAR\Debug\Obj\os_app_hooks.o"
#        "E:\Bryant\STM32F746-Discovery(uCOS-III)\Code\IAR\Debug\Obj\os_cfg_app.o"
#        "E:\Bryant\STM32F746-Discovery(uCOS-III)\Code\IAR\Debug\Obj\os_core.o"
#        "E:\Bryant\STM32F746-Discovery(uCOS-III)\Code\IAR\Debug\Obj\os_cpu_a.o"
#        "E:\Bryant\STM32F746-Discovery(uCOS-III)\Code\IAR\Debug\Obj\os_cpu_c.o"
#        "E:\Bryant\STM32F746-Discovery(uCOS-III)\Code\IAR\Debug\Obj\os_dbg.o"
#        "E:\Bryant\STM32F746-Discovery(uCOS-III)\Code\IAR\Debug\Obj\os_flag.o"
#        "E:\Bryant\STM32F746-Discovery(uCOS-III)\Code\IAR\Debug\Obj\os_int.o"
#        "E:\Bryant\STM32F746-Discovery(uCOS-III)\Code\IAR\Debug\Obj\os_mem.o"
#        "E:\Bryant\STM32F746-Discovery(uCOS-III)\Code\IAR\Debug\Obj\os_mon.o"
#        "E:\Bryant\STM32F746-Discovery(uCOS-III)\Code\IAR\Debug\Obj\os_msg.o"
#        "E:\Bryant\STM32F746-Discovery(uCOS-III)\Code\IAR\Debug\Obj\os_mutex.o"
#        "E:\Bryant\STM32F746-Discovery(uCOS-III)\Code\IAR\Debug\Obj\os_pend_multi.o"
#        "E:\Bryant\STM32F746-Discovery(uCOS-III)\Code\IAR\Debug\Obj\os_prio.o"
#        "E:\Bryant\STM32F746-Discovery(uCOS-III)\Code\IAR\Debug\Obj\os_q.o"
#        "E:\Bryant\STM32F746-Discovery(uCOS-III)\Code\IAR\Debug\Obj\os_sem.o"
#        "E:\Bryant\STM32F746-Discovery(uCOS-III)\Code\IAR\Debug\Obj\os_stat.o"
#        "E:\Bryant\STM32F746-Discovery(uCOS-III)\Code\IAR\Debug\Obj\os_task.o"
#        "E:\Bryant\STM32F746-Discovery(uCOS-III)\Code\IAR\Debug\Obj\os_tick.o"
#        "E:\Bryant\STM32F746-Discovery(uCOS-III)\Code\IAR\Debug\Obj\os_time.o"
#        "E:\Bryant\STM32F746-Discovery(uCOS-III)\Code\IAR\Debug\Obj\os_tmr.o"
#        "E:\Bryant\STM32F746-Discovery(uCOS-III)\Code\IAR\Debug\Obj\os_var.o"
#        "E:\Bryant\STM32F746-Discovery(uCOS-III)\Code\IAR\Debug\Obj\stm32f7xx_hal.o"
#        "E:\Bryant\STM32F746-Discovery(uCOS-III)\Code\IAR\Debug\Obj\stm32f7xx_hal_cortex.o"
#        "E:\Bryant\STM32F746-Discovery(uCOS-III)\Code\IAR\Debug\Obj\stm32f7xx_hal_flash.o"
#        "E:\Bryant\STM32F746-Discovery(uCOS-III)\Code\IAR\Debug\Obj\stm32f7xx_hal_flash_ex.o"
#        "E:\Bryant\STM32F746-Discovery(uCOS-III)\Code\IAR\Debug\Obj\stm32f7xx_hal_gpio.o"
#        "E:\Bryant\STM32F746-Discovery(uCOS-III)\Code\IAR\Debug\Obj\stm32f7xx_hal_hash.o"
#        "E:\Bryant\STM32F746-Discovery(uCOS-III)\Code\IAR\Debug\Obj\stm32f7xx_hal_pwr.o"
#        "E:\Bryant\STM32F746-Discovery(uCOS-III)\Code\IAR\Debug\Obj\stm32f7xx_hal_pwr_ex.o"
#        "E:\Bryant\STM32F746-Discovery(uCOS-III)\Code\IAR\Debug\Obj\stm32f7xx_hal_rcc.o"
#        "E:\Bryant\STM32F746-Discovery(uCOS-III)\Code\IAR\Debug\Obj\stm32f7xx_hal_rcc_ex.o"
#        "E:\Bryant\STM32F746-Discovery(uCOS-III)\Code\IAR\Debug\Obj\stm32f7xx_hal_tim.o"
#        "E:\Bryant\STM32F746-Discovery(uCOS-III)\Code\IAR\Debug\Obj\stm32f7xx_hal_tim_ex.o"
#        "E:\Bryant\STM32F746-Discovery(uCOS-III)\Code\IAR\Debug\Obj\stm32f7xx_it.o"
#        "E:\Bryant\STM32F746-Discovery(uCOS-III)\Code\IAR\Debug\Obj\system_stm32f7xx.o"
#        -o
#        "E:\Bryant\STM32F746-Discovery(uCOS-III)\Code\IAR\Debug\Exe\STM32F746NG_Discovery.out"
#        --map
#        "E:\Bryant\STM32F746-Discovery(uCOS-III)\Code\IAR\Debug\List\STM32F746NG_Discovery.map"
#        --config "D:\Program Files (x86)\IAR Systems\Embedded Workbench
#        7.3\arm\config\linker\ST\stm32f746xG.icf" --semihosting --entry
#        __iar_program_start --vfe
#
###############################################################################

*******************************************************************************
*** RUNTIME MODEL ATTRIBUTES
***

CppFlavor       = *
__SystemLibrary = DLib


*******************************************************************************
*** PLACEMENT SUMMARY
***

"A1":  place at 0x08000000 { ro section .intvec };
"P1":  place in [from 0x00000000 to 0x00000000] |
                [from 0x08000000 to 0x080fffff] { ro };
"P3":  place in [from 0x20000000 to 0x2000ffff] |
                [from 0x20010000 to 0x2004ffff] { rw, block CSTACK, block HEAP };

  Section            Kind        Address    Size  Object
  -------            ----        -------    ----  ------
"A1":                                      0x1c8
  .intvec            const    0x08000000   0x1c8  cstartup.o [1]
                            - 0x080001c8   0x1c8

"P1":                                     0x58bc
  .text              ro code  0x080001c8   0xfac  os_task.o [1]
  .text              ro code  0x08001174   0x398  os_cpu_c.o [1]
  .text              ro code  0x0800150c   0x27c  os_msg.o [1]
  .text              ro code  0x08001788   0x234  cpu_core.o [1]
  .text              ro code  0x080019bc    0x88  os_prio.o [1]
  .text              ro code  0x08001a44   0x9d0  os_core.o [1]
  .text              ro code  0x08002414   0x4e8  os_tick.o [1]
  .text              ro code  0x080028fc   0x508  os_mutex.o [1]
  .text              ro code  0x08002e04    0x44  cpu_bsp.o [1]
  CODE               ro code  0x08002e48   0x10c  os_cpu_a.o [1]
  .text              ro code  0x08002f54   0x2c4  os_time.o [1]
  .text              ro code  0x08003218   0x13c  lib_mem.o [1]
  .text              ro code  0x08003354    0x76  lib_str.o [1]
  .rodata            const    0x080033ca     0x2  os_cfg_app.o [1]
  CODE               ro code  0x080033cc    0x34  cpu_a.o [1]
  .text              ro code  0x08003400    0x1c  os_mem.o [1]
  .text              ro code  0x0800341c   0x5c4  os_stat.o [1]
  .text              ro code  0x080039e0   0x22c  os_tmr.o [1]
  .text              ro code  0x08003c0c   0x22c  os_dbg.o [1]
  .text              ro code  0x08003e38    0xb8  os_cfg_app.o [1]
  .text              ro code  0x08003ef0    0xc0  bsp.o [1]
  .text              ro code  0x08003fb0   0x260  bsp_led.o [1]
  .text              ro code  0x08004210   0x1a0  bsp_button.o [1]
  .text              ro code  0x080043b0    0x84  bsp_timer.o [1]
  .text              ro code  0x08004434   0x870  stm32f7xx_hal_rcc.o [1]
  .text              ro code  0x08004ca4    0x84  stm32f7xx_hal_pwr_ex.o [1]
  .text              ro code  0x08004d28    0xf4  stm32f7xx_hal_cortex.o [1]
  .text              ro code  0x08004e1c   0x258  stm32f7xx_hal_gpio.o [1]
  .text              ro code  0x08005074   0x164  stm32f7xx_hal_tim.o [1]
  .text              ro code  0x080051d8    0x40  stm32f7xx_hal.o [1]
  .text              ro code  0x08005218   0x204  app.o [1]
  .text              ro code  0x0800541c    0x30  lib_math.o [1]
  .text              ro code  0x0800544c    0x9c  os_app_hooks.o [1]
  .text              ro code  0x080054e8    0xf8  stm32f7xx_it.o [1]
  .text              ro code  0x080055e0    0x6c  system_stm32f7xx.o [1]
  .text              ro code  0x0800564c    0x40  cstartup.o [1]
  .text              ro code  0x0800568c     0xc  cstartup_M.o [5]
  .text              ro code  0x08005698    0x22  fpinit_M.o [4]
  .rodata            const    0x080056ba     0x2  os_dbg.o [1]
  .text              ro code  0x080056bc    0x1a  cmain.o [5]
  .text              ro code  0x080056d6     0x4  low_level_init.o [3]
  .rodata            const    0x080056da     0x2  os_dbg.o [1]
  .text              ro code  0x080056dc    0x28  data_init.o [5]
  .text              ro code  0x08005704     0x4  exit.o [3]
  .text              ro code  0x08005708     0xa  cexit.o [5]
  .rodata            const    0x08005712     0x2  os_dbg.o [1]
  .text              ro code  0x08005714    0x14  exit.o [6]
  .text              ro code  0x08005728    0x40  zero_init3.o [5]
  .rodata            const    0x08005768    0x30  os_dbg.o [1]
  .rodata            const    0x08005798    0x30  os_dbg.o [1]
  .rodata            const    0x080057c8    0x30  os_dbg.o [1]
  .text              ro code  0x080057f8    0x2c  copy_init3.o [5]
  .rodata            const    0x08005824    0x28  os_dbg.o [1]
  .rodata            const    0x0800584c    0x28  os_dbg.o [1]
  .iar.init_table    const    0x08005874    0x24  - Linker created -
  .rodata            const    0x08005898    0x20  os_dbg.o [1]
  .rodata            const    0x080058b8    0x18  os_tmr.o [1]
  .rodata            const    0x080058d0    0x14  app.o [1]
  .rodata            const    0x080058e4    0x14  os_core.o [1]
  .rodata            const    0x080058f8    0x14  os_stat.o [1]
  .rodata            const    0x0800590c    0x14  os_tick.o [1]
  .rodata            const    0x08005920    0x10  app.o [1]
  .rodata            const    0x08005930    0x10  os_tmr.o [1]
  .rodata            const    0x08005940    0x10  stm32f7xx_hal_rcc.o [1]
  .rodata            const    0x08005950     0xc  app.o [1]
  .rodata            const    0x0800595c     0xc  app.o [1]
  .rodata            const    0x08005968     0xc  app.o [1]
  .rodata            const    0x08005974     0xc  os_core.o [1]
  .rodata            const    0x08005980     0x8  lib_mem.o [1]
  .rodata            const    0x08005988     0x8  os_core.o [1]
  .rodata            const    0x08005990     0x8  os_task.o [1]
  .rodata            const    0x08005998     0x4  os_cfg_app.o [1]
  .rodata            const    0x0800599c     0x4  os_cfg_app.o [1]
  .rodata            const    0x080059a0     0x4  os_cfg_app.o [1]
  .rodata            const    0x080059a4     0x4  os_cfg_app.o [1]
  .rodata            const    0x080059a8     0x4  os_cfg_app.o [1]
  .rodata            const    0x080059ac     0x4  os_cfg_app.o [1]
  .rodata            const    0x080059b0     0x4  os_cfg_app.o [1]
  .rodata            const    0x080059b4     0x4  os_cfg_app.o [1]
  .rodata            const    0x080059b8     0x4  os_cfg_app.o [1]
  .rodata            const    0x080059bc     0x4  os_cfg_app.o [1]
  .rodata            const    0x080059c0     0x4  os_cfg_app.o [1]
  .rodata            const    0x080059c4     0x4  os_cfg_app.o [1]
  .rodata            const    0x080059c8     0x4  os_cfg_app.o [1]
  .rodata            const    0x080059cc     0x4  os_cfg_app.o [1]
  .rodata            const    0x080059d0     0x4  os_cfg_app.o [1]
  .rodata            const    0x080059d4     0x4  os_cfg_app.o [1]
  .rodata            const    0x080059d8     0x4  os_cfg_app.o [1]
  .rodata            const    0x080059dc     0x4  os_cfg_app.o [1]
  .rodata            const    0x080059e0     0x4  os_cfg_app.o [1]
  .rodata            const    0x080059e4     0x4  os_cfg_app.o [1]
  .rodata            const    0x080059e8     0x4  os_cfg_app.o [1]
  .rodata            const    0x080059ec     0x4  os_cfg_app.o [1]
  .rodata            const    0x080059f0     0x4  os_cfg_app.o [1]
  .rodata            const    0x080059f4     0x4  os_cfg_app.o [1]
  .rodata            const    0x080059f8     0x4  os_cfg_app.o [1]
  .rodata            const    0x080059fc     0x4  os_cfg_app.o [1]
  .rodata            const    0x08005a00     0x4  os_dbg.o [1]
  .rodata            const    0x08005a04     0x4  os_dbg.o [1]
  .rodata            const    0x08005a08     0x4  os_dbg.o [1]
  .rodata            const    0x08005a0c     0x2  os_dbg.o [1]
  .rodata            const    0x08005a0e     0x2  os_dbg.o [1]
  .rodata            const    0x08005a10     0x2  os_dbg.o [1]
  .rodata            const    0x08005a12     0x2  os_dbg.o [1]
  .rodata            const    0x08005a14     0x2  os_dbg.o [1]
  .rodata            const    0x08005a16     0x2  os_dbg.o [1]
  .rodata            const    0x08005a18     0x2  os_dbg.o [1]
  .rodata            const    0x08005a1a     0x2  os_dbg.o [1]
  .rodata            const    0x08005a1c     0x2  os_dbg.o [1]
  .rodata            const    0x08005a1e     0x2  os_dbg.o [1]
  .rodata            const    0x08005a20     0x2  os_dbg.o [1]
  .rodata            const    0x08005a22     0x2  os_dbg.o [1]
  .rodata            const    0x08005a24     0x2  os_dbg.o [1]
  .rodata            const    0x08005a26     0x2  os_dbg.o [1]
  .rodata            const    0x08005a28     0x2  os_dbg.o [1]
  .rodata            const    0x08005a2a     0x2  os_dbg.o [1]
  .rodata            const    0x08005a2c     0x2  os_dbg.o [1]
  .rodata            const    0x08005a2e     0x2  os_dbg.o [1]
  .rodata            const    0x08005a30     0x1  os_cfg_app.o [1]
  .rodata            const    0x08005a31     0x1  os_cfg_app.o [1]
  .rodata            const    0x08005a32     0x1  os_cfg_app.o [1]
  .rodata            const    0x08005a33     0x1  os_dbg.o [1]
  .rodata            const    0x08005a34     0x1  os_dbg.o [1]
  .rodata            const    0x08005a35     0x1  os_dbg.o [1]
  .rodata            const    0x08005a36     0x1  os_dbg.o [1]
  .rodata            const    0x08005a37     0x1  os_dbg.o [1]
  .rodata            const    0x08005a38     0x1  os_dbg.o [1]
  .rodata            const    0x08005a39     0x1  os_dbg.o [1]
  .rodata            const    0x08005a3a     0x1  os_dbg.o [1]
  .rodata            const    0x08005a3b     0x1  os_dbg.o [1]
  .rodata            const    0x08005a3c     0x1  os_dbg.o [1]
  .rodata            const    0x08005a3d     0x1  os_dbg.o [1]
  .rodata            const    0x08005a3e     0x1  os_dbg.o [1]
  .rodata            const    0x08005a3f     0x1  os_dbg.o [1]
  .rodata            const    0x08005a40     0x1  os_dbg.o [1]
  .rodata            const    0x08005a41     0x1  os_dbg.o [1]
  .rodata            const    0x08005a42     0x1  os_dbg.o [1]
  .rodata            const    0x08005a43     0x1  os_dbg.o [1]
  .rodata            const    0x08005a44     0x1  os_dbg.o [1]
  .rodata            const    0x08005a45     0x1  os_dbg.o [1]
  .rodata            const    0x08005a46     0x1  os_dbg.o [1]
  .rodata            const    0x08005a47     0x1  os_dbg.o [1]
  .rodata            const    0x08005a48     0x1  os_dbg.o [1]
  .rodata            const    0x08005a49     0x1  os_dbg.o [1]
  .rodata            const    0x08005a4a     0x1  os_dbg.o [1]
  .rodata            const    0x08005a4b     0x1  os_dbg.o [1]
  .rodata            const    0x08005a4c     0x1  os_dbg.o [1]
  .rodata            const    0x08005a4d     0x1  os_dbg.o [1]
  .rodata            const    0x08005a4e     0x1  os_dbg.o [1]
  .rodata            const    0x08005a4f     0x1  os_dbg.o [1]
  .rodata            const    0x08005a50     0x1  os_dbg.o [1]
  .rodata            const    0x08005a51     0x1  os_dbg.o [1]
  .rodata            const    0x08005a52     0x1  os_dbg.o [1]
  .rodata            const    0x08005a53     0x1  os_dbg.o [1]
  .rodata            const    0x08005a54     0x1  os_dbg.o [1]
  .rodata            const    0x08005a55     0x1  os_dbg.o [1]
  .rodata            const    0x08005a56     0x1  os_dbg.o [1]
  .rodata            const    0x08005a57     0x1  os_dbg.o [1]
  .rodata            const    0x08005a58     0x1  os_dbg.o [1]
  .rodata            const    0x08005a59     0x1  os_dbg.o [1]
  .rodata            const    0x08005a5a     0x0  zero_init3.o [5]
  .rodata            const    0x08005a5a     0x0  copy_init3.o [5]
  Initializer bytes  const    0x08005a5c    0x28  <for P3 s0>
                            - 0x08005a84  0x58bc

"P3", part 1 of 3:                          0x28
  P3 s0                       0x20000000    0x28  <Init block>
    .data            inited   0x20000000    0x10  bsp_button.o [1]
    .data            inited   0x20000010     0xc  bsp_led.o [1]
    .data            inited   0x2000001c     0x4  bsp_led.o [1]
    .data            inited   0x20000020     0x4  system_stm32f7xx.o [1]
    .data            inited   0x20000024     0x1  bsp_button.o [1]
                            - 0x20000028    0x28

"P3", part 2 of 3:                        0x2884
  .bss               zero     0x20000028   0x400  app.o [1]
  .bss               zero     0x20000428   0x400  app.o [1]
  .bss               zero     0x20000828   0x400  app.o [1]
  .bss               zero     0x20000c28   0x400  app.o [1]
  .bss               zero     0x20001028   0x400  lib_mem.o [1]
  .bss               zero     0x20001428   0x200  os_cfg_app.o [1]
  .bss               zero     0x20001628   0x200  os_cfg_app.o [1]
  .bss               zero     0x20001828   0x200  os_cfg_app.o [1]
  .bss               zero     0x20001a28   0x200  os_cfg_app.o [1]
  .bss               zero     0x20001c28   0x200  os_cfg_app.o [1]
  .bss               zero     0x20001e28   0x190  os_cfg_app.o [1]
  .bss               zero     0x20001fb8   0x180  os_var.o [1]
  .bss               zero     0x20002138    0xc0  app.o [1]
  .bss               zero     0x200021f8    0xc0  app.o [1]
  .bss               zero     0x200022b8    0xc0  app.o [1]
  .bss               zero     0x20002378    0xc0  app.o [1]
  .bss               zero     0x20002438    0xc0  os_var.o [1]
  .bss               zero     0x200024f8    0xc0  os_var.o [1]
  .bss               zero     0x200025b8    0xc0  os_var.o [1]
  .bss               zero     0x20002678    0xc0  os_var.o [1]
  .bss               zero     0x20002738    0x3c  bsp_timer.o [1]
  .bss               zero     0x20002774    0x30  os_var.o [1]
  .bss               zero     0x200027a4    0x14  lib_mem.o [1]
  .bss               zero     0x200027b8    0x10  cpu_core.o [1]
  .bss               zero     0x200027c8     0xc  os_var.o [1]
  .bss               zero     0x200027d4     0x8  os_var.o [1]
  .bss               zero     0x200027dc     0x8  os_var.o [1]
  .bss               zero     0x200027e4     0x4  cpu_core.o [1]
  .bss               zero     0x200027e8     0x4  cpu_core.o [1]
  .bss               zero     0x200027ec     0x4  cpu_core.o [1]
  .bss               zero     0x200027f0     0x4  cpu_core.o [1]
  .bss               zero     0x200027f4     0x4  cpu_core.o [1]
  .bss               zero     0x200027f8     0x4  cpu_core.o [1]
  .bss               zero     0x200027fc     0x4  lib_math.o [1]
  .bss               zero     0x20002800     0x4  lib_mem.o [1]
  .bss               zero     0x20002804     0x4  os_cpu_c.o [1]
  .bss               zero     0x20002808     0x4  os_prio.o [1]
  .bss               zero     0x2000280c     0x4  os_var.o [1]
  .bss               zero     0x20002810     0x4  os_var.o [1]
  .bss               zero     0x20002814     0x4  os_var.o [1]
  .bss               zero     0x20002818     0x4  os_var.o [1]
  .bss               zero     0x2000281c     0x4  os_var.o [1]
  .bss               zero     0x20002820     0x4  os_var.o [1]
  .bss               zero     0x20002824     0x4  os_var.o [1]
  .bss               zero     0x20002828     0x4  os_var.o [1]
  .bss               zero     0x2000282c     0x4  os_var.o [1]
  .bss               zero     0x20002830     0x4  os_var.o [1]
  .bss               zero     0x20002834     0x4  os_var.o [1]
  .bss               zero     0x20002838     0x4  os_var.o [1]
  .bss               zero     0x2000283c     0x4  os_var.o [1]
  .bss               zero     0x20002840     0x4  os_var.o [1]
  .bss               zero     0x20002844     0x4  os_var.o [1]
  .bss               zero     0x20002848     0x4  os_var.o [1]
  .bss               zero     0x2000284c     0x4  os_var.o [1]
  .bss               zero     0x20002850     0x4  os_var.o [1]
  .bss               zero     0x20002854     0x4  os_var.o [1]
  .bss               zero     0x20002858     0x4  os_var.o [1]
  .bss               zero     0x2000285c     0x4  os_var.o [1]
  .bss               zero     0x20002860     0x4  os_var.o [1]
  .bss               zero     0x20002864     0x4  os_var.o [1]
  .bss               zero     0x20002868     0x4  os_var.o [1]
  .bss               zero     0x2000286c     0x4  os_var.o [1]
  .bss               zero     0x20002870     0x4  os_var.o [1]
  .bss               zero     0x20002874     0x4  os_var.o [1]
  .bss               zero     0x20002878     0x4  os_var.o [1]
  .bss               zero     0x2000287c     0x4  os_var.o [1]
  .bss               zero     0x20002880     0x4  os_var.o [1]
  .bss               zero     0x20002884     0x4  stm32f7xx_hal.o [1]
  .bss               zero     0x20002888     0x2  cpu_core.o [1]
  .bss               zero     0x2000288a     0x2  cpu_core.o [1]
  .bss               zero     0x2000288c     0x2  os_var.o [1]
  .bss               zero     0x2000288e     0x2  os_var.o [1]
  .bss               zero     0x20002890     0x2  os_var.o [1]
  .bss               zero     0x20002892     0x2  os_var.o [1]
  .bss               zero     0x20002894     0x2  os_var.o [1]
  .bss               zero     0x20002896     0x2  os_var.o [1]
  .bss               zero     0x20002898     0x2  os_var.o [1]
  .bss               zero     0x2000289a     0x2  os_var.o [1]
  .bss               zero     0x2000289c     0x2  os_var.o [1]
  .bss               zero     0x2000289e     0x1  app.o [1]
  .bss               zero     0x2000289f     0x1  bsp_button.o [1]
  .bss               zero     0x200028a0     0x1  bsp_button.o [1]
  .bss               zero     0x200028a1     0x1  bsp_button.o [1]
  .bss               zero     0x200028a2     0x1  bsp_button.o [1]
  .bss               zero     0x200028a3     0x1  os_var.o [1]
  .bss               zero     0x200028a4     0x1  os_var.o [1]
  .bss               zero     0x200028a5     0x1  os_var.o [1]
  .bss               zero     0x200028a6     0x1  os_var.o [1]
  .bss               zero     0x200028a7     0x1  os_var.o [1]
  .bss               zero     0x200028a8     0x1  os_var.o [1]
  .bss               zero     0x200028a9     0x1  os_var.o [1]
  .bss               zero     0x200028aa     0x1  os_var.o [1]
  .bss               zero     0x200028ab     0x1  os_var.o [1]
                            - 0x200028ac  0x2884

"P3", part 3 of 3:                        0x2000
  CSTACK                      0x200028b0  0x2000  <Block>
    CSTACK           uninit   0x200028b0  0x2000  <Block tail>
                            - 0x200048b0  0x2000


*******************************************************************************
*** INIT TABLE
***

          Address     Size
          -------     ----
Zero (__iar_zero_init3)
    1 destination range, total size 0x2884:
          0x20000028  0x2884

Copy (__iar_copy_init3)
    1 source range, total size 0x28 (108% of destination):
          0x08005a5c    0x28
    1 destination range, total size 0x25:
          0x20000000    0x25



*******************************************************************************
*** MODULE SUMMARY
***

    Module                  ro code  ro data  rw data
    ------                  -------  -------  -------
E:\Bryant\STM32F746-Discovery(uCOS-III)\Code\IAR\Debug\Obj: [1]
    app.o                       516       72    4 865
    bsp.o                       192
    bsp_button.o                416       17       21
    bsp_led.o                   608       16       16
    bsp_timer.o                 132                60
    cpu_a.o                      52
    cpu_bsp.o                    68
    cpu_core.o                  564                44
    cstartup.o                   64      456
    lib_math.o                   48                 4
    lib_mem.o                   316        8    1 048
    lib_str.o                   118
    os_app_hooks.o              156
    os_cfg_app.o                184      109    2 960
    os_core.o                 2 512       40
    os_cpu_a.o                  268
    os_cpu_c.o                  920                 4
    os_dbg.o                    556      349
    os_mem.o                     28
    os_msg.o                    636
    os_mutex.o                1 288
    os_prio.o                   136                 4
    os_stat.o                 1 476       20
    os_task.o                 4 012        8
    os_tick.o                 1 256       20
    os_time.o                   708
    os_tmr.o                    556       40
    os_var.o                                    1 375
    stm32f7xx_hal.o              64                 4
    stm32f7xx_hal_cortex.o      244
    stm32f7xx_hal_gpio.o        600
    stm32f7xx_hal_pwr_ex.o      132
    stm32f7xx_hal_rcc.o       2 160       16
    stm32f7xx_hal_tim.o         356
    stm32f7xx_it.o              248
    system_stm32f7xx.o          108        4        4
    -------------------------------------------------
    Total:                   21 698    1 175   10 409

command line: [2]
    -------------------------------------------------
    Total:

dl7M_tlf.a: [3]
    exit.o                        4
    low_level_init.o              4
    -------------------------------------------------
    Total:                        8

m7M_tls.a: [4]
    fpinit_M.o                   34
    -------------------------------------------------
    Total:                       34

rt7M_tl.a: [5]
    cexit.o                      10
    cmain.o                      26
    copy_init3.o                 44
    cstartup_M.o                 12
    data_init.o                  40
    zero_init3.o                 64
    -------------------------------------------------
    Total:                      196

shb_l.a: [6]
    exit.o                       20
    -------------------------------------------------
    Total:                       20

    Linker created                        41    8 192
-----------------------------------------------------
    Grand Total:             21 956    1 216   18 601


*******************************************************************************
*** ENTRY LIST
***

Entry                      Address   Size  Type      Object
-----                      -------   ----  ----      ------
.iar.init_table$$Base   0x08005874          --   Gb  - Linker created -
.iar.init_table$$Limit  0x08005898          --   Gb  - Linker created -
?main                   0x080056bd         Code  Gb  cmain.o [5]
ADC_IRQHandler          0x0800550d    0x2  Code  Gb  stm32f7xx_it.o [1]
APBAHBPrescTable        0x08005940   0x10  Data  Gb  stm32f7xx_hal_rcc.o [1]
AppTaskStartStk         0x20000028  0x400  Data  Lc  app.o [1]
AppTaskStartTCB         0x20002138   0xc0  Data  Lc  app.o [1]
App_BusFault_ISR        0x08005685    0x2  Code  Lc  cstartup.o [1]
App_Fault_ISR           0x08005683    0x2  Code  Lc  cstartup.o [1]
App_MemFault_ISR        0x08005689    0x2  Code  Lc  cstartup.o [1]
App_NMI_ISR             0x08005681    0x2  Code  Lc  cstartup.o [1]
App_OS_IdleTaskHook     0x080054bd    0x2  Code  Gb  os_app_hooks.o [1]
App_OS_SetAllHooks      0x0800544d   0x52  Code  Gb  os_app_hooks.o [1]
App_OS_StatTaskHook     0x080054c1    0x2  Code  Gb  os_app_hooks.o [1]
App_OS_TaskCreateHook   0x080054c5    0x8  Code  Gb  os_app_hooks.o [1]
App_OS_TaskDelHook      0x080054cd    0x8  Code  Gb  os_app_hooks.o [1]
App_OS_TaskReturnHook   0x080054d5    0x8  Code  Gb  os_app_hooks.o [1]
App_OS_TaskSwHook       0x080054dd    0x2  Code  Gb  os_app_hooks.o [1]
App_OS_TimeTickHook     0x080054e1    0x8  Code  Gb  os_app_hooks.o [1]
App_Reset_ISR           0x0800564d   0x2c  Code  Lc  cstartup.o [1]
App_Spurious_ISR        0x0800568b    0x2  Code  Lc  cstartup.o [1]
App_UsageFault_ISR      0x08005687    0x2  Code  Lc  cstartup.o [1]
CAN1_RX0_IRQHandler     0x08005511    0x2  Code  Gb  stm32f7xx_it.o [1]
CAN1_RX1_IRQHandler     0x08005513    0x2  Code  Gb  stm32f7xx_it.o [1]
CAN1_SCE_IRQHandler     0x08005515    0x2  Code  Gb  stm32f7xx_it.o [1]
CAN1_TX_IRQHandler      0x0800550f    0x2  Code  Gb  stm32f7xx_it.o [1]
CAN2_RX0_IRQHandler     0x0800559d    0x2  Code  Gb  stm32f7xx_it.o [1]
CAN2_RX1_IRQHandler     0x0800559f    0x2  Code  Gb  stm32f7xx_it.o [1]
CAN2_SCE_IRQHandler     0x080055a1    0x2  Code  Gb  stm32f7xx_it.o [1]
CAN2_TX_IRQHandler      0x0800559b    0x2  Code  Gb  stm32f7xx_it.o [1]
CPU_CntLeadZeros        0x080033eb         Code  Gb  cpu_a.o [1]
CPU_CntTrailZeros       0x080033f1         Code  Gb  cpu_a.o [1]
CPU_Init                0x08001789   0x10  Code  Gb  cpu_core.o [1]
CPU_IntDis              0x080033cd         Code  Gb  cpu_a.o [1]
CPU_IntDisMeasCtr       0x20002888    0x2  Data  Gb  cpu_core.o [1]
CPU_IntDisMeasInit      0x08001905   0x78  Code  Lc  cpu_core.o [1]
CPU_IntDisMeasMaxCalc   0x0800197d   0x1a  Code  Lc  cpu_core.o [1]
CPU_IntDisMeasMaxCurGet
                        0x0800183f   0x24  Code  Gb  cpu_core.o [1]
CPU_IntDisMeasMaxCurReset
                        0x0800181d   0x22  Code  Gb  cpu_core.o [1]
CPU_IntDisMeasMaxCur_cnts
                        0x200027f4    0x4  Data  Gb  cpu_core.o [1]
CPU_IntDisMeasMaxGet    0x08001863   0x22  Code  Gb  cpu_core.o [1]
CPU_IntDisMeasMax_cnts  0x200027f8    0x4  Data  Gb  cpu_core.o [1]
CPU_IntDisMeasOvrhd_cnts
                        0x200027f0    0x4  Data  Gb  cpu_core.o [1]
CPU_IntDisMeasStart     0x08001885   0x28  Code  Gb  cpu_core.o [1]
CPU_IntDisMeasStart_cnts
                        0x200027e8    0x4  Data  Gb  cpu_core.o [1]
CPU_IntDisMeasStop      0x080018ad   0x42  Code  Gb  cpu_core.o [1]
CPU_IntDisMeasStop_cnts
                        0x200027ec    0x4  Data  Gb  cpu_core.o [1]
CPU_IntDisNestCtr       0x2000288a    0x2  Data  Gb  cpu_core.o [1]
CPU_IntEn               0x080033d1         Code  Gb  cpu_a.o [1]
CPU_Name                0x200027b8   0x10  Data  Gb  cpu_core.o [1]
CPU_NameClr             0x0800179b   0x24  Code  Gb  cpu_core.o [1]
CPU_NameInit            0x080018ef    0x8  Code  Lc  cpu_core.o [1]
CPU_NameSet             0x080017bf   0x56  Code  Gb  cpu_core.o [1]
CPU_RevBits             0x080033fb         Code  Gb  cpu_a.o [1]
CPU_SR_Restore          0x080033dd         Code  Gb  cpu_a.o [1]
CPU_SR_Save             0x080033d5         Code  Gb  cpu_a.o [1]
CPU_SW_Exception        0x08001799    0x2  Code  Gb  cpu_core.o [1]
CPU_TS_Init             0x080018f7    0xe  Code  Lc  cpu_core.o [1]
CPU_TS_TmrFreqSet       0x08001815    0x8  Code  Gb  cpu_core.o [1]
CPU_TS_TmrFreq_Hz       0x200027e4    0x4  Data  Gb  cpu_core.o [1]
CPU_TS_TmrInit          0x08002e05   0x2e  Code  Gb  cpu_bsp.o [1]
CPU_TS_TmrRd            0x08002e33    0x8  Code  Gb  cpu_bsp.o [1]
CPU_WaitForExcept       0x080033e7         Code  Gb  cpu_a.o [1]
CPU_WaitForInt          0x080033e3         Code  Gb  cpu_a.o [1]
CRYP_IRQHandler         0x080055bb    0x2  Code  Gb  stm32f7xx_it.o [1]
CSTACK$$Base            0x200028b0          --   Gb  - Linker created -
CSTACK$$Limit           0x200048b0          --   Gb  - Linker created -
DCMI_IRQHandler         0x080055b9    0x2  Code  Gb  stm32f7xx_it.o [1]
DMA1_Stream0_IRQHandler
                        0x080054ff    0x2  Code  Gb  stm32f7xx_it.o [1]
DMA1_Stream1_IRQHandler
                        0x08005501    0x2  Code  Gb  stm32f7xx_it.o [1]
DMA1_Stream2_IRQHandler
                        0x08005503    0x2  Code  Gb  stm32f7xx_it.o [1]
DMA1_Stream3_IRQHandler
                        0x08005505    0x2  Code  Gb  stm32f7xx_it.o [1]
DMA1_Stream4_IRQHandler
                        0x08005507    0x2  Code  Gb  stm32f7xx_it.o [1]
DMA1_Stream5_IRQHandler
                        0x08005509    0x2  Code  Gb  stm32f7xx_it.o [1]
DMA1_Stream6_IRQHandler
                        0x0800550b    0x2  Code  Gb  stm32f7xx_it.o [1]
DMA1_Stream7_IRQHandler
                        0x0800557b    0x2  Code  Gb  stm32f7xx_it.o [1]
DMA2D_IRQHandler        0x080055d1    0x2  Code  Gb  stm32f7xx_it.o [1]
DMA2_Stream0_IRQHandler
                        0x0800558d    0x2  Code  Gb  stm32f7xx_it.o [1]
DMA2_Stream1_IRQHandler
                        0x0800558f    0x2  Code  Gb  stm32f7xx_it.o [1]
DMA2_Stream2_IRQHandler
                        0x08005591    0x2  Code  Gb  stm32f7xx_it.o [1]
DMA2_Stream3_IRQHandler
                        0x08005593    0x2  Code  Gb  stm32f7xx_it.o [1]
DMA2_Stream4_IRQHandler
                        0x08005595    0x2  Code  Gb  stm32f7xx_it.o [1]
DMA2_Stream5_IRQHandler
                        0x080055a5    0x2  Code  Gb  stm32f7xx_it.o [1]
DMA2_Stream6_IRQHandler
                        0x080055a7    0x2  Code  Gb  stm32f7xx_it.o [1]
DMA2_Stream7_IRQHandler
                        0x080055a9    0x2  Code  Gb  stm32f7xx_it.o [1]
ETH_IRQHandler          0x08005597    0x2  Code  Gb  stm32f7xx_it.o [1]
ETH_WKUP_IRQHandler     0x08005599    0x2  Code  Gb  stm32f7xx_it.o [1]
EXTI0_IRQHandler        0x080054f5    0x2  Code  Gb  stm32f7xx_it.o [1]
EXTI15_10_IRQHandler    0x0800556d    0x2  Code  Gb  stm32f7xx_it.o [1]
EXTI1_IRQHandler        0x080054f7    0x2  Code  Gb  stm32f7xx_it.o [1]
EXTI2_IRQHandler        0x080054f9    0x2  Code  Gb  stm32f7xx_it.o [1]
EXTI3_IRQHandler        0x080054fb    0x2  Code  Gb  stm32f7xx_it.o [1]
EXTI4_IRQHandler        0x080054fd    0x2  Code  Gb  stm32f7xx_it.o [1]
EXTI9_5_IRQHandler      0x08005517    0x2  Code  Gb  stm32f7xx_it.o [1]
FLASH_IRQHandler        0x080054f1    0x2  Code  Gb  stm32f7xx_it.o [1]
FMC_IRQHandler          0x0800557d    0x2  Code  Gb  stm32f7xx_it.o [1]
FPU_IRQHandler          0x080055bf    0x2  Code  Gb  stm32f7xx_it.o [1]
HAL_GPIO_Init           0x08004e1d  0x1f6  Code  Gb  stm32f7xx_hal_gpio.o [1]
HAL_GPIO_ReadPin        0x08005013   0x18  Code  Gb  stm32f7xx_hal_gpio.o [1]
HAL_GPIO_TogglePin      0x0800502b    0xa  Code  Gb  stm32f7xx_hal_gpio.o [1]
HAL_GetTick             0x08005209    0x6  Code  Wk  stm32f7xx_hal.o [1]
HAL_IncTick             0x080051fd    0xc  Code  Wk  stm32f7xx_hal.o [1]
HAL_Init                0x080051d9   0x22  Code  Gb  stm32f7xx_hal.o [1]
HAL_InitTick            0x08003f73   0x1a  Code  Gb  bsp.o [1]
HAL_MspInit             0x080051fb    0x2  Code  Wk  stm32f7xx_hal.o [1]
HAL_NVIC_EnableIRQ      0x08004dfb    0xe  Code  Gb  stm32f7xx_hal_cortex.o [1]
HAL_NVIC_SetPriority    0x08004dd5   0x26  Code  Gb  stm32f7xx_hal_cortex.o [1]
HAL_NVIC_SetPriorityGrouping
                        0x08004dc9    0xc  Code  Gb  stm32f7xx_hal_cortex.o [1]
HAL_PWREx_EnableOverDrive
                        0x08004ca5   0x76  Code  Gb  stm32f7xx_hal_pwr_ex.o [1]
HAL_RCC_ClockConfig     0x0800494d  0x256  Code  Gb  stm32f7xx_hal_rcc.o [1]
HAL_RCC_GetHCLKFreq     0x08004c47   0x28  Code  Gb  stm32f7xx_hal_rcc.o [1]
HAL_RCC_GetSysClockFreq
                        0x08004ba3   0xa4  Code  Gb  stm32f7xx_hal_rcc.o [1]
HAL_RCC_OscConfig       0x08004435  0x518  Code  Gb  stm32f7xx_hal_rcc.o [1]
HAL_TIM_Base_Init       0x08005075   0x32  Code  Gb  stm32f7xx_hal_tim.o [1]
HAL_TIM_Base_MspInit    0x080043f7   0x30  Code  Gb  bsp_timer.o [1]
HAL_TIM_Base_Start_IT   0x080050a7   0x1e  Code  Gb  stm32f7xx_hal_tim.o [1]
HDMI_CEC_IRQHandler     0x080055d9    0x2  Code  Gb  stm32f7xx_it.o [1]
I2C1_ER_IRQHandler      0x0800555d    0x2  Code  Gb  stm32f7xx_it.o [1]
I2C1_EV_IRQHandler      0x0800555b    0x2  Code  Gb  stm32f7xx_it.o [1]
I2C2_ER_IRQHandler      0x08005561    0x2  Code  Gb  stm32f7xx_it.o [1]
I2C2_EV_IRQHandler      0x0800555f    0x2  Code  Gb  stm32f7xx_it.o [1]
I2C3_ER_IRQHandler      0x080055af    0x2  Code  Gb  stm32f7xx_it.o [1]
I2C3_EV_IRQHandler      0x080055ad    0x2  Code  Gb  stm32f7xx_it.o [1]
I2C4_ER_IRQHandler      0x080055dd    0x2  Code  Gb  stm32f7xx_it.o [1]
I2C4_EV_IRQHandler      0x080055db    0x2  Code  Gb  stm32f7xx_it.o [1]
LPTIM1_IRQHandler       0x080055d7    0x2  Code  Gb  stm32f7xx_it.o [1]
LTDC_ER_IRQHandler      0x080055cf    0x2  Code  Gb  stm32f7xx_it.o [1]
LTDC_IRQHandler         0x080055cd    0x2  Code  Gb  stm32f7xx_it.o [1]
Math_Init               0x0800541d    0xa  Code  Gb  lib_math.o [1]
Math_RandSeedCur        0x200027fc    0x4  Data  Gb  lib_math.o [1]
Math_RandSetSeed        0x08005427   0x20  Code  Gb  lib_math.o [1]
Mem_Clr                 0x08003257   0x12  Code  Gb  lib_mem.o [1]
Mem_Heap                0x20001028  0x400  Data  Gb  lib_mem.o [1]
Mem_Init                0x08003219   0x3e  Code  Gb  lib_mem.o [1]
Mem_SegCreate           0x080032dd   0x48  Code  Gb  lib_mem.o [1]
Mem_SegCreateCritical   0x08003325   0x20  Code  Lc  lib_mem.o [1]
Mem_SegHeadPtr          0x20002800    0x4  Data  Gb  lib_mem.o [1]
Mem_SegHeap             0x200027a4   0x14  Data  Gb  lib_mem.o [1]
Mem_Set                 0x08003269   0x74  Code  Gb  lib_mem.o [1]
NVIC_EnableIRQ          0x08004d51   0x14  Code  Lc  stm32f7xx_hal_cortex.o [1]
NVIC_EncodePriority     0x08004d8b   0x3e  Code  Lc  stm32f7xx_hal_cortex.o [1]
NVIC_GetPriorityGrouping
                        0x08004d47    0xa  Code  Lc  stm32f7xx_hal_cortex.o [1]
NVIC_SetPriority        0x08004d65   0x26  Code  Lc  stm32f7xx_hal_cortex.o [1]
NVIC_SetPriorityGrouping
                        0x08004d29   0x1e  Code  Lc  stm32f7xx_hal_cortex.o [1]
OSCfg_DataSizeRAM       0x080059fc    0x4  Data  Gb  os_cfg_app.o [1]
OSCfg_ISRStk            0x20001628  0x200  Data  Gb  os_cfg_app.o [1]
OSCfg_ISRStkBasePtr     0x080059a8    0x4  Data  Gb  os_cfg_app.o [1]
OSCfg_ISRStkSize        0x080059ac    0x4  Data  Gb  os_cfg_app.o [1]
OSCfg_ISRStkSizeRAM     0x080059b0    0x4  Data  Gb  os_cfg_app.o [1]
OSCfg_IdleTaskStk       0x20001428  0x200  Data  Gb  os_cfg_app.o [1]
OSCfg_IdleTaskStkBasePtr
                        0x08005998    0x4  Data  Gb  os_cfg_app.o [1]
OSCfg_IdleTaskStkLimit  0x0800599c    0x4  Data  Gb  os_cfg_app.o [1]
OSCfg_IdleTaskStkSize   0x080059a0    0x4  Data  Gb  os_cfg_app.o [1]
OSCfg_IdleTaskStkSizeRAM
                        0x080059a4    0x4  Data  Gb  os_cfg_app.o [1]
OSCfg_Init              0x08003e39   0xb8  Code  Gb  os_cfg_app.o [1]
OSCfg_MsgPool           0x20001828  0x200  Data  Gb  os_cfg_app.o [1]
OSCfg_MsgPoolBasePtr    0x080059b8    0x4  Data  Gb  os_cfg_app.o [1]
OSCfg_MsgPoolSize       0x080033ca    0x2  Data  Gb  os_cfg_app.o [1]
OSCfg_MsgPoolSizeRAM    0x080059b4    0x4  Data  Gb  os_cfg_app.o [1]
OSCfg_StatTaskPrio      0x08005a30    0x1  Data  Gb  os_cfg_app.o [1]
OSCfg_StatTaskRate_Hz   0x080059bc    0x4  Data  Gb  os_cfg_app.o [1]
OSCfg_StatTaskStk       0x20001e28  0x190  Data  Gb  os_cfg_app.o [1]
OSCfg_StatTaskStkBasePtr
                        0x080059c0    0x4  Data  Gb  os_cfg_app.o [1]
OSCfg_StatTaskStkLimit  0x080059c4    0x4  Data  Gb  os_cfg_app.o [1]
OSCfg_StatTaskStkSize   0x080059c8    0x4  Data  Gb  os_cfg_app.o [1]
OSCfg_StatTaskStkSizeRAM
                        0x080059cc    0x4  Data  Gb  os_cfg_app.o [1]
OSCfg_StkSizeMin        0x080059d0    0x4  Data  Gb  os_cfg_app.o [1]
OSCfg_TickRate_Hz       0x080059d4    0x4  Data  Gb  os_cfg_app.o [1]
OSCfg_TickTaskPrio      0x08005a31    0x1  Data  Gb  os_cfg_app.o [1]
OSCfg_TickTaskStk       0x20001a28  0x200  Data  Gb  os_cfg_app.o [1]
OSCfg_TickTaskStkBasePtr
                        0x080059d8    0x4  Data  Gb  os_cfg_app.o [1]
OSCfg_TickTaskStkLimit  0x080059dc    0x4  Data  Gb  os_cfg_app.o [1]
OSCfg_TickTaskStkSize   0x080059e0    0x4  Data  Gb  os_cfg_app.o [1]
OSCfg_TickTaskStkSizeRAM
                        0x080059e4    0x4  Data  Gb  os_cfg_app.o [1]
OSCfg_TmrTaskPrio       0x08005a32    0x1  Data  Gb  os_cfg_app.o [1]
OSCfg_TmrTaskRate_Hz    0x080059e8    0x4  Data  Gb  os_cfg_app.o [1]
OSCfg_TmrTaskStk        0x20001c28  0x200  Data  Gb  os_cfg_app.o [1]
OSCfg_TmrTaskStkBasePtr
                        0x080059ec    0x4  Data  Gb  os_cfg_app.o [1]
OSCfg_TmrTaskStkLimit   0x080059f0    0x4  Data  Gb  os_cfg_app.o [1]
OSCfg_TmrTaskStkSize    0x080059f4    0x4  Data  Gb  os_cfg_app.o [1]
OSCfg_TmrTaskStkSizeRAM
                        0x080059f8    0x4  Data  Gb  os_cfg_app.o [1]
OSCtxSw                 0x08002ee5         Code  Gb  os_cpu_a.o [1]
OSDbg_AppHooksEn        0x08005a35    0x1  Data  Gb  os_dbg.o [1]
OSDbg_ArgChkEn          0x08005a34    0x1  Data  Gb  os_dbg.o [1]
OSDbg_CalledFromISRChkEn
                        0x08005a36    0x1  Data  Gb  os_dbg.o [1]
OSDbg_DataSize          0x08005a08    0x4  Data  Gb  os_dbg.o [1]
OSDbg_DbgEn             0x08005a33    0x1  Data  Gb  os_dbg.o [1]
OSDbg_EndiannessTest    0x08005a00    0x4  Data  Gb  os_dbg.o [1]
OSDbg_FlagDelEn         0x08005a38    0x1  Data  Gb  os_dbg.o [1]
OSDbg_FlagEn            0x08005a37    0x1  Data  Gb  os_dbg.o [1]
OSDbg_FlagGrp           0x08005824   0x28  Data  Gb  os_dbg.o [1]
OSDbg_FlagGrpSize       0x080056ba    0x2  Data  Gb  os_dbg.o [1]
OSDbg_FlagModeClrEn     0x08005a39    0x1  Data  Gb  os_dbg.o [1]
OSDbg_FlagPendAbortEn   0x08005a3a    0x1  Data  Gb  os_dbg.o [1]
OSDbg_FlagWidth         0x080056da    0x2  Data  Gb  os_dbg.o [1]
OSDbg_ISRPostDeferredEn
                        0x08005a3b    0x1  Data  Gb  os_dbg.o [1]
OSDbg_Mem               0x08005898   0x20  Data  Gb  os_dbg.o [1]
OSDbg_MemEn             0x08005a3c    0x1  Data  Gb  os_dbg.o [1]
OSDbg_MemSize           0x08005712    0x2  Data  Gb  os_dbg.o [1]
OSDbg_MsgEn             0x08005a3d    0x1  Data  Gb  os_dbg.o [1]
OSDbg_MsgPoolSize       0x08005a0e    0x2  Data  Gb  os_dbg.o [1]
OSDbg_MsgQSize          0x08005a10    0x2  Data  Gb  os_dbg.o [1]
OSDbg_MsgSize           0x08005a0c    0x2  Data  Gb  os_dbg.o [1]
OSDbg_Mutex             0x08005768   0x30  Data  Gb  os_dbg.o [1]
OSDbg_MutexDelEn        0x08005a3f    0x1  Data  Gb  os_dbg.o [1]
OSDbg_MutexEn           0x08005a3e    0x1  Data  Gb  os_dbg.o [1]
OSDbg_MutexPendAbortEn  0x08005a40    0x1  Data  Gb  os_dbg.o [1]
OSDbg_MutexSize         0x08005a12    0x2  Data  Gb  os_dbg.o [1]
OSDbg_ObjTypeChkEn      0x08005a41    0x1  Data  Gb  os_dbg.o [1]
OSDbg_PendDataSize      0x08005a14    0x2  Data  Gb  os_dbg.o [1]
OSDbg_PendListSize      0x08005a16    0x2  Data  Gb  os_dbg.o [1]
OSDbg_PendMultiEn       0x08005a42    0x1  Data  Gb  os_dbg.o [1]
OSDbg_PendObjSize       0x08005a18    0x2  Data  Gb  os_dbg.o [1]
OSDbg_PrioMax           0x08005a1a    0x2  Data  Gb  os_dbg.o [1]
OSDbg_PrioTblSize       0x08005a1c    0x2  Data  Gb  os_dbg.o [1]
OSDbg_PtrSize           0x08005a1e    0x2  Data  Gb  os_dbg.o [1]
OSDbg_Q                 0x08005798   0x30  Data  Gb  os_dbg.o [1]
OSDbg_QDelEn            0x08005a44    0x1  Data  Gb  os_dbg.o [1]
OSDbg_QEn               0x08005a43    0x1  Data  Gb  os_dbg.o [1]
OSDbg_QFlushEn          0x08005a45    0x1  Data  Gb  os_dbg.o [1]
OSDbg_QPendAbortEn      0x08005a46    0x1  Data  Gb  os_dbg.o [1]
OSDbg_QSize             0x08005a20    0x2  Data  Gb  os_dbg.o [1]
OSDbg_RdyList           0x08005a24    0x2  Data  Gb  os_dbg.o [1]
OSDbg_RdyListSize       0x08005a04    0x4  Data  Gb  os_dbg.o [1]
OSDbg_SchedRoundRobinEn
                        0x08005a47    0x1  Data  Gb  os_dbg.o [1]
OSDbg_Sem               0x0800584c   0x28  Data  Gb  os_dbg.o [1]
OSDbg_SemDelEn          0x08005a49    0x1  Data  Gb  os_dbg.o [1]
OSDbg_SemEn             0x08005a48    0x1  Data  Gb  os_dbg.o [1]
OSDbg_SemPendAbortEn    0x08005a4a    0x1  Data  Gb  os_dbg.o [1]
OSDbg_SemSetEn          0x08005a4b    0x1  Data  Gb  os_dbg.o [1]
OSDbg_SemSize           0x08005a22    0x2  Data  Gb  os_dbg.o [1]
OSDbg_StatTaskEn        0x08005a4d    0x1  Data  Gb  os_dbg.o [1]
OSDbg_StatTaskStkChkEn  0x08005a4e    0x1  Data  Gb  os_dbg.o [1]
OSDbg_StkWidth          0x08005a4c    0x1  Data  Gb  os_dbg.o [1]
OSDbg_TCBSize           0x08005a28    0x2  Data  Gb  os_dbg.o [1]
OSDbg_TaskChangePrioEn  0x08005a4f    0x1  Data  Gb  os_dbg.o [1]
OSDbg_TaskDelEn         0x08005a50    0x1  Data  Gb  os_dbg.o [1]
OSDbg_TaskProfileEn     0x08005a53    0x1  Data  Gb  os_dbg.o [1]
OSDbg_TaskQEn           0x08005a51    0x1  Data  Gb  os_dbg.o [1]
OSDbg_TaskQPendAbortEn  0x08005a52    0x1  Data  Gb  os_dbg.o [1]
OSDbg_TaskRegTblSize    0x08005a26    0x2  Data  Gb  os_dbg.o [1]
OSDbg_TaskSemPendAbortEn
                        0x08005a54    0x1  Data  Gb  os_dbg.o [1]
OSDbg_TaskSuspendEn     0x08005a55    0x1  Data  Gb  os_dbg.o [1]
OSDbg_TickListSize      0x08005a2a    0x2  Data  Gb  os_dbg.o [1]
OSDbg_TimeDlyHMSMEn     0x08005a56    0x1  Data  Gb  os_dbg.o [1]
OSDbg_TimeDlyResumeEn   0x08005a57    0x1  Data  Gb  os_dbg.o [1]
OSDbg_Tmr               0x080057c8   0x30  Data  Gb  os_dbg.o [1]
OSDbg_TmrDelEn          0x08005a59    0x1  Data  Gb  os_dbg.o [1]
OSDbg_TmrEn             0x08005a58    0x1  Data  Gb  os_dbg.o [1]
OSDbg_TmrSize           0x08005a2c    0x2  Data  Gb  os_dbg.o [1]
OSDbg_VersionNbr        0x08005a2e    0x2  Data  Gb  os_dbg.o [1]
OSFlagDbgListPtr        0x20002830    0x4  Data  Gb  os_var.o [1]
OSFlagQty               0x2000288c    0x2  Data  Gb  os_var.o [1]
OSIdleTaskCtr           0x20002828    0x4  Data  Gb  os_var.o [1]
OSIdleTaskHook          0x08001175   0x12  Code  Gb  os_cpu_c.o [1]
OSIdleTaskTCB           0x20002438   0xc0  Data  Gb  os_var.o [1]
OSInit                  0x08001a45  0x150  Code  Gb  os_core.o [1]
OSInitHook              0x08001187   0x1e  Code  Gb  os_cpu_c.o [1]
OSInitialized           0x200028a5    0x1  Data  Gb  os_var.o [1]
OSIntCtxSw              0x08002eed         Code  Gb  os_cpu_a.o [1]
OSIntDisTimeMax         0x2000282c    0x4  Data  Gb  os_var.o [1]
OSIntEnter              0x08001b95   0x24  Code  Gb  os_core.o [1]
OSIntExit               0x08001bb9   0xba  Code  Gb  os_core.o [1]
OSIntNestingCtr         0x200028a3    0x1  Data  Gb  os_var.o [1]
OSMemDbgListPtr         0x20002834    0x4  Data  Gb  os_var.o [1]
OSMemQty                0x2000288e    0x2  Data  Gb  os_var.o [1]
OSMsgPool               0x200027c8    0xc  Data  Gb  os_var.o [1]
OSMutexCreate           0x080028fd   0x78  Code  Gb  os_mutex.o [1]
OSMutexDbgListPtr       0x20002838    0x4  Data  Gb  os_var.o [1]
OSMutexPend             0x08002975  0x1fe  Code  Gb  os_mutex.o [1]
OSMutexPost             0x08002b73  0x182  Code  Gb  os_mutex.o [1]
OSMutexQty              0x20002890    0x2  Data  Gb  os_var.o [1]
OSPrioCur               0x200028a6    0x1  Data  Gb  os_var.o [1]
OSPrioHighRdy           0x200028a7    0x1  Data  Gb  os_var.o [1]
OSPrioTbl               0x20002808    0x4  Data  Gb  os_prio.o [1]
OSQDbgListPtr           0x2000283c    0x4  Data  Gb  os_var.o [1]
OSQQty                  0x20002892    0x2  Data  Gb  os_var.o [1]
OSRdyList               0x20001fb8  0x180  Data  Gb  os_var.o [1]
OSRunning               0x200028a4    0x1  Data  Gb  os_var.o [1]
OSSched                 0x08001c73   0x8a  Code  Gb  os_core.o [1]
OSSchedLock             0x08001cfd   0x64  Code  Gb  os_core.o [1]
OSSchedLockNestingCtr   0x200028a8    0x1  Data  Gb  os_var.o [1]
OSSchedUnlock           0x08001d61   0x82  Code  Gb  os_core.o [1]
OSSemDbgListPtr         0x20002840    0x4  Data  Gb  os_var.o [1]
OSSemQty                0x20002894    0x2  Data  Gb  os_var.o [1]
OSStart                 0x08001de3   0x96  Code  Gb  os_core.o [1]
OSStartHighRdy          0x08002e75         Code  Gb  os_cpu_a.o [1]
OSStatReset             0x0800341d  0x112  Code  Gb  os_stat.o [1]
OSStatResetFlag         0x200028a9    0x1  Data  Gb  os_var.o [1]
OSStatTaskCPUUsage      0x20002896    0x2  Data  Gb  os_var.o [1]
OSStatTaskCPUUsageInit  0x0800352f   0xea  Code  Gb  os_stat.o [1]
OSStatTaskCPUUsageMax   0x20002898    0x2  Data  Gb  os_var.o [1]
OSStatTaskCtr           0x20002844    0x4  Data  Gb  os_var.o [1]
OSStatTaskCtrMax        0x20002848    0x4  Data  Gb  os_var.o [1]
OSStatTaskCtrRun        0x2000284c    0x4  Data  Gb  os_var.o [1]
OSStatTaskHook          0x080011a5   0x12  Code  Gb  os_cpu_c.o [1]
OSStatTaskRdy           0x200028aa    0x1  Data  Gb  os_var.o [1]
OSStatTaskTCB           0x200024f8   0xc0  Data  Gb  os_var.o [1]
OSStatTaskTimeMax       0x20002850    0x4  Data  Gb  os_var.o [1]
OSTCBCurPtr             0x2000287c    0x4  Data  Gb  os_var.o [1]
OSTCBHighRdyPtr         0x20002880    0x4  Data  Gb  os_var.o [1]
OSTaskCreate            0x080001c9  0x1ae  Code  Gb  os_task.o [1]
OSTaskCreateHook        0x080011b7   0x16  Code  Gb  os_cpu_c.o [1]
OSTaskCtxSwCtr          0x20002854    0x4  Data  Gb  os_var.o [1]
OSTaskDbgListPtr        0x20002858    0x4  Data  Gb  os_var.o [1]
OSTaskDel               0x08000377  0x18c  Code  Gb  os_task.o [1]
OSTaskDelHook           0x080011cd   0x16  Code  Gb  os_cpu_c.o [1]
OSTaskQPend             0x08000503  0x1ea  Code  Gb  os_task.o [1]
OSTaskQPost             0x080006ed   0x58  Code  Gb  os_task.o [1]
OSTaskQty               0x2000289a    0x2  Data  Gb  os_var.o [1]
OSTaskRegNextAvailID    0x200028ab    0x1  Data  Gb  os_var.o [1]
OSTaskResume            0x08000745   0x56  Code  Gb  os_task.o [1]
OSTaskReturnHook        0x080011e3   0x16  Code  Gb  os_cpu_c.o [1]
OSTaskSemPend           0x0800079b  0x1f0  Code  Gb  os_task.o [1]
OSTaskSemPost           0x0800098b   0x3e  Code  Gb  os_task.o [1]
OSTaskStkChk            0x080009c9   0xc4  Code  Gb  os_task.o [1]
OSTaskStkInit           0x080011f9  0x15e  Code  Gb  os_cpu_c.o [1]
OSTaskSuspend           0x08000a8d   0x2e  Code  Gb  os_task.o [1]
OSTaskSwHook            0x08001357   0x9e  Code  Gb  os_cpu_c.o [1]
OSTickCtr               0x2000285c    0x4  Data  Gb  os_var.o [1]
OSTickListDly           0x200027d4    0x8  Data  Gb  os_var.o [1]
OSTickListTimeout       0x200027dc    0x8  Data  Gb  os_var.o [1]
OSTickTaskTCB           0x200025b8   0xc0  Data  Gb  os_var.o [1]
OSTickTaskTimeMax       0x20002860    0x4  Data  Gb  os_var.o [1]
OSTimeDly               0x08002f55   0x98  Code  Gb  os_time.o [1]
OSTimeDlyHMSM           0x08002fed  0x1c8  Code  Gb  os_time.o [1]
OSTimeTick              0x080031b5   0x3e  Code  Gb  os_time.o [1]
OSTimeTickHook          0x080013f5   0x12  Code  Gb  os_cpu_c.o [1]
OSTmrDbgListPtr         0x20002864    0x4  Data  Gb  os_var.o [1]
OSTmrListEntries        0x2000289c    0x2  Data  Gb  os_var.o [1]
OSTmrListPtr            0x20002868    0x4  Data  Gb  os_var.o [1]
OSTmrMutex              0x20002774   0x30  Data  Gb  os_var.o [1]
OSTmrTaskTCB            0x20002678   0xc0  Data  Gb  os_var.o [1]
OSTmrTaskTimeMax        0x2000286c    0x4  Data  Gb  os_var.o [1]
OSTmrTickCtr            0x20002870    0x4  Data  Gb  os_var.o [1]
OSTmrUpdateCnt          0x20002874    0x4  Data  Gb  os_var.o [1]
OSTmrUpdateCtr          0x20002878    0x4  Data  Gb  os_var.o [1]
OS_AppIdleTaskHookPtr   0x20002818    0x4  Data  Gb  os_var.o [1]
OS_AppStatTaskHookPtr   0x2000281c    0x4  Data  Gb  os_var.o [1]
OS_AppTaskCreateHookPtr
                        0x2000280c    0x4  Data  Gb  os_var.o [1]
OS_AppTaskDelHookPtr    0x20002810    0x4  Data  Gb  os_var.o [1]
OS_AppTaskReturnHookPtr
                        0x20002814    0x4  Data  Gb  os_var.o [1]
OS_AppTaskSwHookPtr     0x20002820    0x4  Data  Gb  os_var.o [1]
OS_AppTimeTickHookPtr   0x20002824    0x4  Data  Gb  os_var.o [1]
OS_CPU_ExceptStkBase    0x20002804    0x4  Data  Gb  os_cpu_c.o [1]
OS_CPU_FP_Reg_Pop       0x08002e63         Code  Gb  os_cpu_a.o [1]
OS_CPU_FP_Reg_Push      0x08002e49         Code  Gb  os_cpu_a.o [1]
OS_CPU_PendSVHandler    0x08002ef5         Code  Gb  os_cpu_a.o [1]
OS_CPU_SysTickHandler   0x08001407   0x2c  Code  Gb  os_cpu_c.o [1]
OS_CPU_SysTickInit      0x08001433   0x2e  Code  Gb  os_cpu_c.o [1]
OS_Dbg_Init             0x08003c0d  0x22c  Code  Gb  os_dbg.o [1]
OS_IdleTask             0x08001e79   0x3c  Code  Gb  os_core.o [1]
OS_IdleTaskInit         0x08001eb5   0x52  Code  Gb  os_core.o [1]
OS_MemInit              0x08003401   0x12  Code  Gb  os_mem.o [1]
OS_MsgPoolInit          0x0800150d   0x8e  Code  Gb  os_msg.o [1]
OS_MsgQFreeAll          0x0800159b   0x4c  Code  Gb  os_msg.o [1]
OS_MsgQGet              0x080015fb   0x76  Code  Gb  os_msg.o [1]
OS_MsgQInit             0x080015e7   0x14  Code  Gb  os_msg.o [1]
OS_MsgQPut              0x08001671  0x10a  Code  Gb  os_msg.o [1]
OS_MutexDbgListAdd      0x08002cf5   0x28  Code  Gb  os_mutex.o [1]
OS_MutexGrpAdd          0x08002d3d    0x8  Code  Gb  os_mutex.o [1]
OS_MutexGrpPostAll      0x08002d9b   0x6a  Code  Gb  os_mutex.o [1]
OS_MutexGrpPrioFindHighest
                        0x08002d5f   0x3c  Code  Gb  os_mutex.o [1]
OS_MutexGrpRemove       0x08002d45   0x1a  Code  Gb  os_mutex.o [1]
OS_Pend                 0x08001f07   0x6c  Code  Gb  os_core.o [1]
OS_PendDataInit         0x08001f73   0x1e  Code  Gb  os_core.o [1]
OS_PendDbgNameAdd       0x08001f91   0x4c  Code  Gb  os_core.o [1]
OS_PendDbgNameRemove    0x08001fdd   0x28  Code  Gb  os_core.o [1]
OS_PendListChangePrio   0x08002005   0x40  Code  Gb  os_core.o [1]
OS_PendListInit         0x08002045    0xe  Code  Gb  os_core.o [1]
OS_PendListInsertPrio   0x08002053   0x7a  Code  Gb  os_core.o [1]
OS_PendListRemove       0x080020cd   0x3a  Code  Gb  os_core.o [1]
OS_PendListRemove1      0x08002107   0x56  Code  Gb  os_core.o [1]
OS_Post                 0x0800215d   0xb8  Code  Gb  os_core.o [1]
OS_PrioGetHighest       0x080019d3   0x1a  Code  Gb  os_prio.o [1]
OS_PrioInit             0x080019bd   0x16  Code  Gb  os_prio.o [1]
OS_PrioInsert           0x080019ed   0x2a  Code  Gb  os_prio.o [1]
OS_PrioRemove           0x08001a17   0x2a  Code  Gb  os_prio.o [1]
OS_RdyListInit          0x08002215   0x24  Code  Gb  os_core.o [1]
OS_RdyListInsert        0x08002239   0x28  Code  Gb  os_core.o [1]
OS_RdyListInsertHead    0x08002265   0x42  Code  Gb  os_core.o [1]
OS_RdyListInsertTail    0x080022a7   0x40  Code  Gb  os_core.o [1]
OS_RdyListRemove        0x080022e7   0x62  Code  Gb  os_core.o [1]
OS_StatTask             0x08003619  0x2c0  Code  Gb  os_stat.o [1]
OS_StatTaskInit         0x080038d9   0x92  Code  Gb  os_stat.o [1]
OS_TaskBlock            0x08002349   0x2a  Code  Gb  os_core.o [1]
OS_TaskChangePrio       0x0800107d   0xe4  Code  Gb  os_task.o [1]
OS_TaskDbgListAdd       0x08000abb   0x34  Code  Gb  os_task.o [1]
OS_TaskDbgListRemove    0x08000aef   0x50  Code  Gb  os_task.o [1]
OS_TaskInit             0x08000b3f   0x1c  Code  Gb  os_task.o [1]
OS_TaskInitTCB          0x08000b69  0x114  Code  Gb  os_task.o [1]
OS_TaskQPost            0x08000c85   0xe0  Code  Gb  os_task.o [1]
OS_TaskResume           0x08000d69   0xe8  Code  Gb  os_task.o [1]
OS_TaskReturn           0x08000e51   0x14  Code  Gb  os_task.o [1]
OS_TaskSemPost          0x08000e65   0xee  Code  Gb  os_task.o [1]
OS_TaskSuspend          0x08000f59  0x11e  Code  Gb  os_task.o [1]
OS_TickListInsert       0x08002543   0x90  Code  Gb  os_tick.o [1]
OS_TickListInsertDly    0x080025d3   0xb0  Code  Gb  os_tick.o [1]
OS_TickListRemove       0x08002683   0x74  Code  Gb  os_tick.o [1]
OS_TickListUpdateDly    0x080026f7   0xa6  Code  Lc  os_tick.o [1]
OS_TickListUpdateTimeout
                        0x0800279d  0x12a  Code  Lc  os_tick.o [1]
OS_TickTask             0x08002415   0x6c  Code  Gb  os_tick.o [1]
OS_TickTaskInit         0x08002481   0xc2  Code  Gb  os_tick.o [1]
OS_TmrInit              0x080039e1   0xd4  Code  Gb  os_tmr.o [1]
OS_TmrLock              0x08003b9d   0x16  Code  Lc  os_tmr.o [1]
OS_TmrTask              0x08003b01   0x9c  Code  Gb  os_tmr.o [1]
OS_TmrUnlink            0x08003ab5   0x48  Code  Gb  os_tmr.o [1]
OS_TmrUnlock            0x08003bb3   0x10  Code  Lc  os_tmr.o [1]
OTG_FS_IRQHandler       0x080055a3    0x2  Code  Gb  stm32f7xx_it.o [1]
OTG_FS_WKUP_IRQHandler  0x08005571    0x2  Code  Gb  stm32f7xx_it.o [1]
OTG_HS_EP1_IN_IRQHandler
                        0x080055b3    0x2  Code  Gb  stm32f7xx_it.o [1]
OTG_HS_EP1_OUT_IRQHandler
                        0x080055b1    0x2  Code  Gb  stm32f7xx_it.o [1]
OTG_HS_IRQHandler       0x080055b7    0x2  Code  Gb  stm32f7xx_it.o [1]
OTG_HS_WKUP_IRQHandler  0x080055b5    0x2  Code  Gb  stm32f7xx_it.o [1]
PVD_IRQHandler          0x080054eb    0x2  Code  Gb  stm32f7xx_it.o [1]
QUADSPI_IRQHandler      0x080055d5    0x2  Code  Gb  stm32f7xx_it.o [1]
RCC_IRQHandler          0x080054f3    0x2  Code  Gb  stm32f7xx_it.o [1]
RNG_IRQHandler          0x080055bd    0x2  Code  Gb  stm32f7xx_it.o [1]
RTC_Alarm_IRQHandler    0x0800556f    0x2  Code  Gb  stm32f7xx_it.o [1]
RTC_WKUP_IRQHandler     0x080054ef    0x2  Code  Gb  stm32f7xx_it.o [1]
Region$$Table$$Base     0x08005874          --   Gb  - Linker created -
Region$$Table$$Limit    0x08005898          --   Gb  - Linker created -
SAI1_IRQHandler         0x080055cb    0x2  Code  Gb  stm32f7xx_it.o [1]
SAI2_IRQHandler         0x080055d3    0x2  Code  Gb  stm32f7xx_it.o [1]
SDMMC1_IRQHandler       0x0800557f    0x2  Code  Gb  stm32f7xx_it.o [1]
SPDIF_RX_IRQHandler     0x080055df    0x2  Code  Gb  stm32f7xx_it.o [1]
SPI1_IRQHandler         0x08005563    0x2  Code  Gb  stm32f7xx_it.o [1]
SPI2_IRQHandler         0x08005565    0x2  Code  Gb  stm32f7xx_it.o [1]
SPI3_IRQHandler         0x08005583    0x2  Code  Gb  stm32f7xx_it.o [1]
SPI4_IRQHandler         0x080055c5    0x2  Code  Gb  stm32f7xx_it.o [1]
SPI5_IRQHandler         0x080055c7    0x2  Code  Gb  stm32f7xx_it.o [1]
SPI6_IRQHandler         0x080055c9    0x2  Code  Gb  stm32f7xx_it.o [1]
Str_Copy_N              0x08003377   0x54  Code  Gb  lib_str.o [1]
Str_Len_N               0x08003355   0x22  Code  Gb  lib_str.o [1]
SystemCoreClock         0x20000020    0x4  Data  Gb  system_stm32f7xx.o [1]
SystemInit              0x080055e1   0x4c  Code  Gb  system_stm32f7xx.o [1]
TAMP_STAMP_IRQHandler   0x080054ed    0x2  Code  Gb  stm32f7xx_it.o [1]
TIM1_BRK_TIM9_IRQHandler
                        0x08005519    0x2  Code  Gb  stm32f7xx_it.o [1]
TIM1_CC_IRQHandler      0x0800551f    0x2  Code  Gb  stm32f7xx_it.o [1]
TIM1_TRG_COM_TIM11_IRQHandler
                        0x0800551d    0x2  Code  Gb  stm32f7xx_it.o [1]
TIM1_UP_TIM10_IRQHandler
                        0x0800551b    0x2  Code  Gb  stm32f7xx_it.o [1]
TIM2_IRQHandler         0x08005521    0x2  Code  Gb  stm32f7xx_it.o [1]
TIM3_IRQHandler         0x08005523   0x32  Code  Gb  stm32f7xx_it.o [1]
TIM4_IRQHandler         0x08005559    0x2  Code  Gb  stm32f7xx_it.o [1]
TIM5_IRQHandler         0x08005581    0x2  Code  Gb  stm32f7xx_it.o [1]
TIM6_DAC_IRQHandler     0x08005589    0x2  Code  Gb  stm32f7xx_it.o [1]
TIM7_IRQHandler         0x0800558b    0x2  Code  Gb  stm32f7xx_it.o [1]
TIM8_BRK_TIM12_IRQHandler
                        0x08005573    0x2  Code  Gb  stm32f7xx_it.o [1]
TIM8_CC_IRQHandler      0x08005579    0x2  Code  Gb  stm32f7xx_it.o [1]
TIM8_TRG_COM_TIM14_IRQHandler
                        0x08005577    0x2  Code  Gb  stm32f7xx_it.o [1]
TIM8_UP_TIM13_IRQHandler
                        0x08005575    0x2  Code  Gb  stm32f7xx_it.o [1]
TIM_Base_SetConfig      0x080050c5   0xe6  Code  Gb  stm32f7xx_hal_tim.o [1]
TimHandle               0x20002738   0x3c  Data  Gb  bsp_timer.o [1]
UART4_IRQHandler        0x08005585    0x2  Code  Gb  stm32f7xx_it.o [1]
UART5_IRQHandler        0x08005587    0x2  Code  Gb  stm32f7xx_it.o [1]
UART7_IRQHandler        0x080055c1    0x2  Code  Gb  stm32f7xx_it.o [1]
UART8_IRQHandler        0x080055c3    0x2  Code  Gb  stm32f7xx_it.o [1]
USART1_IRQHandler       0x08005567    0x2  Code  Gb  stm32f7xx_it.o [1]
USART2_IRQHandler       0x08005569    0x2  Code  Gb  stm32f7xx_it.o [1]
USART3_IRQHandler       0x0800556b    0x2  Code  Gb  stm32f7xx_it.o [1]
USART6_IRQHandler       0x080055ab    0x2  Code  Gb  stm32f7xx_it.o [1]
WWDG_IRQHandler         0x080054e9    0x2  Code  Gb  stm32f7xx_it.o [1]
__cmain                 0x080056bd         Code  Gb  cmain.o [5]
__exit                  0x08005715   0x14  Code  Gb  exit.o [6]
__iar_copy_init3        0x080057f9   0x2c  Code  Gb  copy_init3.o [5]
__iar_data_init3        0x080056dd   0x28  Code  Gb  data_init.o [5]
__iar_init_vfp          0x08005699         Code  Gb  fpinit_M.o [4]
__iar_program_start     0x0800568d         Code  Gb  cstartup_M.o [5]
__iar_zero_init3        0x08005729   0x40  Code  Gb  zero_init3.o [5]
__low_level_init        0x080056d7    0x4  Code  Gb  low_level_init.o [3]
__vector_table          0x08000000  0x1c8  Data  Gb  cstartup.o [1]
_call_main              0x080056c9         Code  Gb  cmain.o [5]
_exit                   0x08005709         Code  Gb  cexit.o [5]
_main                   0x080056d3         Code  Gb  cmain.o [5]
app_ButtonScanTask      0x0800532d   0x3e  Code  Lc  app.o [1]
app_ButtonTask          0x0800536d   0x72  Code  Lc  app.o [1]
app_LedTask             0x08005309   0x24  Code  Lc  app.o [1]
app_TaskStart           0x0800527d   0x8c  Code  Lc  app.o [1]
bsp_ButtonDetect        0x080042f1   0x80  Code  Lc  bsp_button.o [1]
bsp_ButtonInit          0x08004211   0x5a  Code  Gb  bsp_button.o [1]
bsp_ButtonScan          0x0800426b   0x86  Code  Gb  bsp_button.o [1]
bsp_CpuClkFreq          0x08003f67    0xc  Code  Gb  bsp.o [1]
bsp_GPIOxClockEnable    0x0800402d  0x150  Code  Gb  bsp_led.o [1]
bsp_Init                0x08003ef1   0x14  Code  Gb  bsp.o [1]
bsp_IsButtonDown        0x08004371   0x28  Code  Lc  bsp_button.o [1]
bsp_LedInit             0x08003fb1   0x7c  Code  Gb  bsp_led.o [1]
bsp_LedOff              0x0800417d   0x1e  Code  Gb  bsp_led.o [1]
bsp_LedOn               0x0800419b   0x1c  Code  Gb  bsp_led.o [1]
bsp_LedToggle           0x080041b7   0x22  Code  Gb  bsp_led.o [1]
bsp_SystemClockConfig   0x08003f05   0x62  Code  Lc  bsp.o [1]
bsp_TickInit            0x08003f8d   0x1a  Code  Gb  bsp.o [1]
bsp_TimerInit           0x080043b1   0x46  Code  Gb  bsp_timer.o [1]
exit                    0x08005705    0x4  Code  Gb  exit.o [3]
g_buttonInit            0x20000000   0x10  Data  Gb  bsp_button.o [1]
g_buttonNum             0x20000024    0x1  Data  Lc  bsp_button.o [1]
g_buttonScanTaskStk     0x20000c28  0x400  Data  Lc  app.o [1]
g_buttonScanTaskTCB     0x20002378   0xc0  Data  Lc  app.o [1]
g_buttonTaskStk         0x20000828  0x400  Data  Lc  app.o [1]
g_buttonTaskTCB         0x200022b8   0xc0  Data  Lc  app.o [1]
g_ledInit               0x20000010    0xc  Data  Gb  bsp_led.o [1]
g_ledNumber             0x2000001c    0x4  Data  Lc  bsp_led.o [1]
g_ledTaskStk            0x20000428  0x400  Data  Lc  app.o [1]
g_ledTaskTCB            0x200021f8   0xc0  Data  Lc  app.o [1]
main                    0x08005219   0x64  Code  Gb  app.o [1]
uwTick                  0x20002884    0x4  Data  Lc  stm32f7xx_hal.o [1]


[1] = E:\Bryant\STM32F746-Discovery(uCOS-III)\Code\IAR\Debug\Obj
[2] = command line
[3] = dl7M_tlf.a
[4] = m7M_tls.a
[5] = rt7M_tl.a
[6] = shb_l.a

  21 956 bytes of readonly  code memory
   1 216 bytes of readonly  data memory
  18 601 bytes of readwrite data memory

Errors: none
Warnings: none
